Component: ARM Compiler 5.06 update 5 (build 528) Tool: armlink [4d35e2]

==============================================================================

Section Cross References

    main.o(i.Hardware_Init) refers to misc.o(i.NVIC_PriorityGroupConfig) for NVIC_PriorityGroupConfig
    main.o(i.Hardware_Init) refers to delay.o(i.delay_init) for delay_init
    main.o(i.Hardware_Init) refers to tba.o(i.Tba_Init) for Tba_Init
    main.o(i.Hardware_Init) refers to infrared.o(i.Infrared_Init) for Infrared_Init
    main.o(i.Hardware_Init) refers to cba.o(i.Cba_Init) for Cba_Init
    main.o(i.Hardware_Init) refers to ultrasonic.o(i.Ultrasonic_Init) for Ultrasonic_Init
    main.o(i.Hardware_Init) refers to hard_can.o(i.Hard_Can_Init) for Hard_Can_Init
    main.o(i.Hardware_Init) refers to bh1750.o(i.BH1750_Configure) for BH1750_Configure
    main.o(i.Hardware_Init) refers to voicebroadcast.o(i.BKRC_Voice_Init) for BKRC_Voice_Init
    main.o(i.Hardware_Init) refers to power_check.o(i.Electricity_Init) for Electricity_Init
    main.o(i.Hardware_Init) refers to uart_a72.o(i.UartA72_Init) for UartA72_Init
    main.o(i.Hardware_Init) refers to can_check.o(i.Can_check_Init) for Can_check_Init
    main.o(i.Hardware_Init) refers to roadway_check.o(i.roadway_check_TimInit) for roadway_check_TimInit
    main.o(i.Hardware_Init) refers to timer.o(i.Timer_Init) for Timer_Init
    main.o(i.Hardware_Init) refers to rc522.o(i.Readcard_daivce_Init) for Readcard_daivce_Init
    main.o(i.KEY_Check) refers to delay.o(i.delay_ms) for delay_ms
    main.o(i.KEY_Check) refers to intelligent_street_lamp.o(i.Light_match) for Light_match
    main.o(i.KEY_Check) refers to daoza.o(i.daozha_open) for daozha_open
    main.o(i.KEY_Check) refers to tft.o(i.TFT_Picture_Down) for TFT_Picture_Down
    main.o(i.KEY_Check) refers to main.o(.data) for d
    main.o(i.main) refers to main.o(i.Hardware_Init) for Hardware_Init
    main.o(i.main) refers to timer.o(i.gt_get) for gt_get
    main.o(i.main) refers to canp_hostcom.o(i.Send_UpMotor) for Send_UpMotor
    main.o(i.main) refers to main.o(i.KEY_Check) for KEY_Check
    main.o(i.main) refers to can_user.o(i.Can_WifiRx_Check) for Can_WifiRx_Check
    main.o(i.main) refers to can_user.o(i.Can_ZigBeeRx_Check) for Can_ZigBeeRx_Check
    main.o(i.main) refers to timer.o(i.gt_get_sub) for gt_get_sub
    main.o(i.main) refers to power_check.o(i.Power_Check) for Power_Check
    main.o(i.main) refers to rc522.o(i.Rc522_GetLinkFlag) for Rc522_GetLinkFlag
    main.o(i.main) refers to rc522.o(i.Readcard_daivce_Init) for Readcard_daivce_Init
    main.o(i.main) refers to rc522.o(i.Rc522_LinkTest) for Rc522_LinkTest
    main.o(i.main) refers to tba.o(i.Get_tba_phsis_value) for Get_tba_phsis_value
    main.o(i.main) refers to ultrasonic.o(i.Ultrasonic_Ranging) for Ultrasonic_Ranging
    main.o(i.main) refers to bh1750.o(i.Get_Bh_Value) for Get_Bh_Value
    main.o(i.main) refers to canp_hostcom.o(i.Send_WifiData_To_Fifo) for Send_WifiData_To_Fifo
    main.o(i.main) refers to uart_a72.o(i.UartA72_TxClear) for UartA72_TxClear
    main.o(i.main) refers to uart_a72.o(i.UartA72_TxAddStr) for UartA72_TxAddStr
    main.o(i.main) refers to uart_a72.o(i.UartA72_TxStart) for UartA72_TxStart
    main.o(i.main) refers to main.o(.data) for LED_twinkle_times
    main.o(i.main) refers to data_base.o(.bss) for Principal_Tab
    main.o(i.main) refers to can_user.o(.data) for Host_AGV_Return_Flag
    main.o(i.main) refers to roadway_check.o(.data) for Stop_Flag
    main.o(i.main) refers to ultrasonic.o(.data) for dis
    main.o(i.main) refers to canp_hostcom.o(.data) for CanHost_Mp
    infrared.o(i.Infrared_Init) refers to stm32f4xx_rcc.o(i.RCC_AHB1PeriphClockCmd) for RCC_AHB1PeriphClockCmd
    infrared.o(i.Infrared_Init) refers to stm32f4xx_gpio.o(i.GPIO_Init) for GPIO_Init
    infrared.o(i.Infrared_Send) refers to delay.o(i.delay_ms) for delay_ms
    infrared.o(i.Infrared_Send) refers to delay.o(i.delay_us) for delay_us
    tba.o(i.Get_tba_phsis_value) refers to stm32f4xx_gpio.o(i.GPIO_ReadInputDataBit) for GPIO_ReadInputDataBit
    tba.o(i.Tba_Beep_Config) refers to stm32f4xx_rcc.o(i.RCC_AHB1PeriphClockCmd) for RCC_AHB1PeriphClockCmd
    tba.o(i.Tba_Beep_Config) refers to stm32f4xx_gpio.o(i.GPIO_Init) for GPIO_Init
    tba.o(i.Tba_Beep_Config) refers to stm32f4xx_gpio.o(i.GPIO_SetBits) for GPIO_SetBits
    tba.o(i.Tba_Init) refers to tba.o(i.Tba_Photoresistance_Config) for Tba_Photoresistance_Config
    tba.o(i.Tba_Init) refers to tba.o(i.Tba_Beep_Config) for Tba_Beep_Config
    tba.o(i.Tba_Init) refers to tba.o(i.Tba_WheelLED_Config) for Tba_WheelLED_Config
    tba.o(i.Tba_Photoresistance_Config) refers to stm32f4xx_rcc.o(i.RCC_AHB1PeriphClockCmd) for RCC_AHB1PeriphClockCmd
    tba.o(i.Tba_Photoresistance_Config) refers to stm32f4xx_gpio.o(i.GPIO_Init) for GPIO_Init
    tba.o(i.Tba_WheelLED_Config) refers to stm32f4xx_rcc.o(i.RCC_AHB1PeriphClockCmd) for RCC_AHB1PeriphClockCmd
[...]
    H_SD                                     0x200003c2   Data           4  intelligent_street_lamp.o(.data)
    HW_K                                     0x200003c6   Data           6  intelligent_street_lamp.o(.data)
    HW_G                                     0x200003cc   Data           6  intelligent_street_lamp.o(.data)
    CP_G1                                    0x200003d2   Data           6  intelligent_street_lamp.o(.data)
    CP_G2                                    0x200003d8   Data           6  intelligent_street_lamp.o(.data)
    DZ_K                                     0x200003de   Data           8  intelligent_street_lamp.o(.data)
    DZ_G                                     0x200003e6   Data           8  intelligent_street_lamp.o(.data)
    CP_SHOW1                                 0x200003ee   Data           6  intelligent_street_lamp.o(.data)
    CP_SHOW2                                 0x200003f4   Data           6  intelligent_street_lamp.o(.data)
    .data                                    0x20000404   Section        4  delay.o(.data)
    fac_us                                   0x20000404   Data           1  delay.o(.data)
    fac_ms                                   0x20000406   Data           2  delay.o(.data)
    .data                                    0x20000408   Section        8  timer.o(.data)
    .data                                    0x20000410   Section       16  stm32f4xx_rcc.o(.data)
    APBAHBPrescTable                         0x20000410   Data          16  stm32f4xx_rcc.o(.data)
    .data                                    0x20000420   Section       84  roadway_check.o(.data)
    Send_zigbee                              0x20000420   Data           8  roadway_check.o(.data)
    Send_Infrared                            0x20000428   Data           6  roadway_check.o(.data)
    .data                                    0x20000474   Section        2  can_drv.o(.data)
    .data                                    0x20000478   Section       71  canp_hostcom.o(.data)
    Send_zigbee                              0x20000478   Data           8  canp_hostcom.o(.data)
    Send_Infrared                            0x20000480   Data           6  canp_hostcom.o(.data)
    canp_ct                                  0x200004b8   Data           4  canp_hostcom.o(.data)
    m                                        0x200004bc   Data           1  canp_hostcom.o(.data)
    tmbox                                    0x200004bd   Data           1  canp_hostcom.o(.data)
    c                                        0x200004be   Data           1  canp_hostcom.o(.data)
    .data                                    0x200004c0   Section      372  can_user.o(.data)
    Send_zigbee                              0x200004c0   Data           8  can_user.o(.data)
    Send_Infrared                            0x200004c8   Data           6  can_user.o(.data)
    SMG_SHOW                                 0x200004ce   Data           8  can_user.o(.data)
    SMG_JSK                                  0x200004d6   Data           8  can_user.o(.data)
    SMG_JSG                                  0x200004de   Data           8  can_user.o(.data)
    SMG_JL                                   0x200004e6   Data           8  can_user.o(.data)
    TrafficA_Open                            0x200004ee   Data           8  can_user.o(.data)
    TrafficA_Red                             0x200004f6   Data           8  can_user.o(.data)
    TrafficA_Green                           0x200004fe   Data           8  can_user.o(.data)
    TrafficA_Yellow                          0x20000506   Data           8  can_user.o(.data)
    TrafficB_Open                            0x2000050e   Data           8  can_user.o(.data)
    TrafficB_Red                             0x20000516   Data           8  can_user.o(.data)
    TrafficB_Green                           0x2000051e   Data           8  can_user.o(.data)
    TrafficB_Yellow                          0x20000526   Data           8  can_user.o(.data)
    TrafficC_Open                            0x2000052e   Data           8  can_user.o(.data)
    TrafficC_Red                             0x20000536   Data           8  can_user.o(.data)
    TrafficC_Green                           0x2000053e   Data           8  can_user.o(.data)
    TrafficC_Yellow                          0x20000546   Data           8  can_user.o(.data)
    TrafficD_Open                            0x2000054e   Data           8  can_user.o(.data)
    TrafficD_Red                             0x20000556   Data           8  can_user.o(.data)
    TrafficD_Green                           0x2000055e   Data           8  can_user.o(.data)
    TrafficD_Yellow                          0x20000566   Data           8  can_user.o(.data)
    TFT_PageAUp                              0x2000056e   Data           8  can_user.o(.data)
    TFT_PageADown                            0x20000576   Data           8  can_user.o(.data)
    TFT_PageAZD                              0x2000057e   Data           8  can_user.o(.data)
    TFT_PageBUp                              0x20000586   Data           8  can_user.o(.data)
    TFT_PageBDown                            0x2000058e   Data           8  can_user.o(.data)
    TFT_PageBZD                              0x20000596   Data           8  can_user.o(.data)
    TFT_PageCUp                              0x2000059e   Data           8  can_user.o(.data)
    TFT_PageCDown                            0x200005a6   Data           8  can_user.o(.data)
    TFT_PageCZD                              0x200005ae   Data           8  can_user.o(.data)
    H_1                                      0x200005b6   Data           4  can_user.o(.data)
    H_2                                      0x200005ba   Data           4  can_user.o(.data)
    H_3                                      0x200005be   Data           4  can_user.o(.data)
    Charge_Open                              0x200005c2   Data           8  can_user.o(.data)
    H_S                                      0x200005ca   Data           4  can_user.o(.data)
    H_X                                      0x200005ce   Data           4  can_user.o(.data)
    H_SD                                     0x200005d2   Data           4  can_user.o(.data)
    HW_K                                     0x200005d6   Data           6  can_user.o(.data)
    HW_G                                     0x200005dc   Data           6  can_user.o(.data)
    CP_G1                                    0x200005e2   Data           6  can_user.o(.data)
    CP_G2                                    0x200005e8   Data           6  can_user.o(.data)
    DZ_K                                     0x200005ee   Data           8  can_user.o(.data)
    DZ_G                                     0x200005f6   Data           8  can_user.o(.data)
    CP_SHOW1                                 0x200005fe   Data           6  can_user.o(.data)
    CP_SHOW2                                 0x20000604   Data           6  can_user.o(.data)
    run_mode                                 0x20000633   Data           1  can_user.o(.data)
    .bss                                     0x20000634   Section       50  uart_a72.o(.bss)
    .bss                                     0x20000668   Section      220  uart_drv.o(.bss)
    .bss                                     0x20000744   Section      100  data_base.o(.bss)
    .bss                                     0x200007a8   Section       64  data_filtering.o(.bss)
    _buff                                    0x200007c0   Data          40  data_filtering.o(.bss)
    .bss                                     0x200007e8   Section       40  can_drv.o(.bss)
    TxMessage                                0x200007e8   Data          20  can_drv.o(.bss)
    RxMessage                                0x200007fc   Data          20  can_drv.o(.bss)
    .bss                                     0x20000810   Section      524  canp_hostcom.o(.bss)
    .bss                                     0x20000a1c   Section       40  hard_can.o(.bss)
    .bss                                     0x20000a44   Section      421  can_user.o(.bss)
    STACK                                    0x20000bf0   Section     1024  startup_stm32f40_41xxx.o(STACK)

    Global Symbols

    Symbol Name                              Value     Ov Type        Size  Object(Section)

    BuildAttributes$$THM_ISAv4$E$P$D$K$B$S$7EM$VFPi3$EXTD16$VFPS$VFMA$PE$A:L22UL41UL21$X:L11$S22US41US21$IEEE1$IW$USESV6$~STKCKD$USESV7$~SHL$OTIME$ROPI$EBA8$MICROLIB$REQ8$PRES8$EABIv2 0x00000000   Number         0  anon$$obj.o ABSOLUTE
    __ARM_use_no_argv                        0x00000000   Number         0  main.o ABSOLUTE
    __cpp_initialize__aeabi_                  - Undefined Weak Reference
    __cxa_finalize                            - Undefined Weak Reference
    _clock_init                               - Undefined Weak Reference
    _microlib_exit                            - Undefined Weak Reference
    __Vectors_Size                           0x00000188   Number         0  startup_stm32f40_41xxx.o ABSOLUTE
    __Vectors                                0x08000000   Data           4  startup_stm32f40_41xxx.o(RESET)
    __Vectors_End                            0x08000188   Data           0  startup_stm32f40_41xxx.o(RESET)
    __main                                   0x08000189   Thumb Code     0  entry.o(.ARM.Collect$$$$00000000)
    _main_stk                                0x08000189   Thumb Code     0  entry2.o(.ARM.Collect$$$$00000001)
    _main_scatterload                        0x0800018d   Thumb Code     0  entry5.o(.ARM.Collect$$$$00000004)
    __main_after_scatterload                 0x08000191   Thumb Code     0  entry5.o(.ARM.Collect$$$$00000004)
    _main_clock                              0x08000191   Thumb Code     0  entry7b.o(.ARM.Collect$$$$00000008)
    _main_cpp_init                           0x08000191   Thumb Code     0  entry8b.o(.ARM.Collect$$$$0000000A)
    _main_init                               0x08000191   Thumb Code     0  entry9a.o(.ARM.Collect$$$$0000000B)
    __rt_final_cpp                           0x08000199   Thumb Code     0  entry10a.o(.ARM.Collect$$$$0000000D)
    __rt_final_exit                          0x08000199   Thumb Code     0  entry11a.o(.ARM.Collect$$$$0000000F)
    Reset_Handler                            0x0800019d   Thumb Code     8  startup_stm32f40_41xxx.o(.text)
    NMI_Handler                              0x080001a5   Thumb Code     2  startup_stm32f40_41xxx.o(.text)
    HardFault_Handler                        0x080001a7   Thumb Code     2  startup_stm32f40_41xxx.o(.text)
    MemManage_Handler                        0x080001a9   Thumb Code     2  startup_stm32f40_41xxx.o(.text)
    BusFault_Handler                         0x080001ab   Thumb Code     2  startup_stm32f40_41xxx.o(.text)
    UsageFault_Handler                       0x080001ad   Thumb Code     2  startup_stm32f40_41xxx.o(.text)
    SVC_Handler                              0x080001af   Thumb Code     2  startup_stm32f40_41xxx.o(.text)
    DebugMon_Handler                         0x080001b1   Thumb Code     2  startup_stm32f40_41xxx.o(.text)
    PendSV_Handler                           0x080001b3   Thumb Code     2  startup_stm32f40_41xxx.o(.text)
    SysTick_Handler                          0x080001b5   Thumb Code     2  startup_stm32f40_41xxx.o(.text)
    ADC_IRQHandler                           0x080001b7   Thumb Code     0  startup_stm32f40_41xxx.o(.text)
    CAN1_RX0_IRQHandler                      0x080001b7   Thumb Code     0  startup_stm32f40_41xxx.o(.text)
    CAN1_RX1_IRQHandler                      0x080001b7   Thumb Code     0  startup_stm32f40_41xxx.o(.text)
    CAN1_SCE_IRQHandler                      0x080001b7   Thumb Code     0  startup_stm32f40_41xxx.o(.text)
    CAN1_TX_IRQHandler                       0x080001b7   Thumb Code     0  startup_stm32f40_41xxx.o(.text)
    CAN2_RX0_IRQHandler                      0x080001b7   Thumb Code     0  startup_stm32f40_41xxx.o(.text)
    CAN2_RX1_IRQHandler                      0x080001b7   Thumb Code     0  startup_stm32f40_41xxx.o(.text)
    CAN2_SCE_IRQHandler                      0x080001b7   Thumb Code     0  startup_stm32f40_41xxx.o(.text)
    CAN2_TX_IRQHandler                       0x080001b7   Thumb Code     0  startup_stm32f40_41xxx.o(.text)
    CRYP_IRQHandler                          0x080001b7   Thumb Code     0  startup_stm32f40_41xxx.o(.text)
    DCMI_IRQHandler                          0x080001b7   Thumb Code     0  startup_stm32f40_41xxx.o(.text)
    DMA1_Stream0_IRQHandler                  0x080001b7   Thumb Code     0  startup_stm32f40_41xxx.o(.text)
    DMA1_Stream1_IRQHandler                  0x080001b7   Thumb Code     0  startup_stm32f40_41xxx.o(.text)
    DMA1_Stream2_IRQHandler                  0x080001b7   Thumb Code     0  startup_stm32f40_41xxx.o(.text)
    DMA1_Stream3_IRQHandler                  0x080001b7   Thumb Code     0  startup_stm32f40_41xxx.o(.text)
    DMA1_Stream4_IRQHandler                  0x080001b7   Thumb Code     0  startup_stm32f40_41xxx.o(.text)
    DMA1_Stream5_IRQHandler                  0x080001b7   Thumb Code     0  startup_stm32f40_41xxx.o(.text)
    DMA1_Stream6_IRQHandler                  0x080001b7   Thumb Code     0  startup_stm32f40_41xxx.o(.text)
    DMA1_Stream7_IRQHandler                  0x080001b7   Thumb Code     0  startup_stm32f40_41xxx.o(.text)
    DMA2_Stream0_IRQHandler                  0x080001b7   Thumb Code     0  startup_stm32f40_41xxx.o(.text)
    DMA2_Stream1_IRQHandler                  0x080001b7   Thumb Code     0  startup_stm32f40_41xxx.o(.text)
    DMA2_Stream2_IRQHandler                  0x080001b7   Thumb Code     0  startup_stm32f40_41xxx.o(.text)
    DMA2_Stream3_IRQHandler                  0x080001b7   Thumb Code     0  startup_stm32f40_41xxx.o(.text)
    DMA2_Stream4_IRQHandler                  0x080001b7   Thumb Code     0  startup_stm32f40_41xxx.o(.text)
    DMA2_Stream5_IRQHandler                  0x080001b7   Thumb Code     0  startup_stm32f40_41xxx.o(.text)
    DMA2_Stream6_IRQHandler                  0x080001b7   Thumb Code     0  startup_stm32f40_41xxx.o(.text)
    DMA2_Stream7_IRQHandler                  0x080001b7   Thumb Code     0  startup_stm32f40_41xxx.o(.text)
    ETH_IRQHandler                           0x080001b7   Thumb Code     0  startup_stm32f40_41xxx.o(.text)
    ETH_WKUP_IRQHandler                      0x080001b7   Thumb Code     0  startup_stm32f40_41xxx.o(.text)
    EXTI0_IRQHandler                         0x080001b7   Thumb Code     0  startup_stm32f40_41xxx.o(.text)
    EXTI15_10_IRQHandler                     0x080001b7   Thumb Code     0  startup_stm32f40_41xxx.o(.text)
    EXTI1_IRQHandler                         0x080001b7   Thumb Code     0  startup_stm32f40_41xxx.o(.text)
    EXTI2_IRQHandler                         0x080001b7   Thumb Code     0  startup_stm32f40_41xxx.o(.text)
    EXTI3_IRQHandler                         0x080001b7   Thumb Code     0  startup_stm32f40_41xxx.o(.text)
    EXTI9_5_IRQHandler                       0x080001b7   Thumb Code     0  startup_stm32f40_41xxx.o(.text)
    FLASH_IRQHandler                         0x080001b7   Thumb Code     0  startup_stm32f40_41xxx.o(.text)
    FPU_IRQHandler                           0x080001b7   Thumb Code     0  startup_stm32f40_41xxx.o(.text)
    FSMC_IRQHandler                          0x080001b7   Thumb Code     0  startup_stm32f40_41xxx.o(.text)
    HASH_RNG_IRQHandler                      0x080001b7   Thumb Code     0  startup_stm32f40_41xxx.o(.text)
    I2C1_ER_IRQHandler                       0x080001b7   Thumb Code     0  startup_stm32f40_41xxx.o(.text)
    I2C1_EV_IRQHandler                       0x080001b7   Thumb Code     0  startup_stm32f40_41xxx.o(.text)
    I2C2_ER_IRQHandler                       0x080001b7   Thumb Code     0  startup_stm32f40_41xxx.o(.text)
    I2C2_EV_IRQHandler                       0x080001b7   Thumb Code     0  startup_stm32f40_41xxx.o(.text)
    I2C3_ER_IRQHandler                       0x080001b7   Thumb Code     0  startup_stm32f40_41xxx.o(.text)
    I2C3_EV_IRQHandler                       0x080001b7   Thumb Code     0  startup_stm32f40_41xxx.o(.text)
    OTG_FS_IRQHandler                        0x080001b7   Thumb Code     0  startup_stm32f40_41xxx.o(.text)
    OTG_FS_WKUP_IRQHandler                   0x080001b7   Thumb Code     0  startup_stm32f40_41xxx.o(.text)
    OTG_HS_EP1_IN_IRQHandler                 0x080001b7   Thumb Code     0  startup_stm32f40_41xxx.o(.text)
    OTG_HS_EP1_OUT_IRQHandler                0x080001b7   Thumb Code     0  startup_stm32f40_41xxx.o(.text)
    OTG_HS_IRQHandler                        0x080001b7   Thumb Code     0  startup_stm32f40_41xxx.o(.text)
    OTG_HS_WKUP_IRQHandler                   0x080001b7   Thumb Code     0  startup_stm32f40_41xxx.o(.text)
    PVD_IRQHandler                           0x080001b7   Thumb Code     0  startup_stm32f40_41xxx.o(.text)
    RCC_IRQHandler                           0x080001b7   Thumb Code     0  startup_stm32f40_41xxx.o(.text)
    RTC_Alarm_IRQHandler                     0x080001b7   Thumb Code     0  startup_stm32f40_41xxx.o(.text)
    RTC_WKUP_IRQHandler                      0x080001b7   Thumb Code     0  startup_stm32f40_41xxx.o(.text)
    SDIO_IRQHandler                          0x080001b7   Thumb Code     0  startup_stm32f40_41xxx.o(.text)
    SPI1_IRQHandler                          0x080001b7   Thumb Code     0  startup_stm32f40_41xxx.o(.text)
    SPI2_IRQHandler                          0x080001b7   Thumb Code     0  startup_stm32f40_41xxx.o(.text)
    SPI3_IRQHandler                          0x080001b7   Thumb Code     0  startup_stm32f40_41xxx.o(.text)
    TAMP_STAMP_IRQHandler                    0x080001b7   Thumb Code     0  startup_stm32f40_41xxx.o(.text)
    TIM1_CC_IRQHandler                       0x080001b7   Thumb Code     0  startup_stm32f40_41xxx.o(.text)
    TIM1_TRG_COM_TIM11_IRQHandler            0x080001b7   Thumb Code     0  startup_stm32f40_41xxx.o(.text)
    TIM2_IRQHandler                          0x080001b7   Thumb Code     0  startup_stm32f40_41xxx.o(.text)
    TIM3_IRQHandler                          0x080001b7   Thumb Code     0  startup_stm32f40_41xxx.o(.text)
    TIM4_IRQHandler                          0x080001b7   Thumb Code     0  startup_stm32f40_41xxx.o(.text)
    TIM5_IRQHandler                          0x080001b7   Thumb Code     0  startup_stm32f40_41xxx.o(.text)
    TIM8_BRK_TIM12_IRQHandler                0x080001b7   Thumb Code     0  startup_stm32f40_41xxx.o(.text)
    TIM8_CC_IRQHandler                       0x080001b7   Thumb Code     0  startup_stm32f40_41xxx.o(.text)
    TIM8_TRG_COM_TIM14_IRQHandler            0x080001b7   Thumb Code     0  startup_stm32f40_41xxx.o(.text)
    TIM8_UP_TIM13_IRQHandler                 0x080001b7   Thumb Code     0  startup_stm32f40_41xxx.o(.text)
    UART5_IRQHandler                         0x080001b7   Thumb Code     0  startup_stm32f40_41xxx.o(.text)
    USART3_IRQHandler                        0x080001b7   Thumb Code     0  startup_stm32f40_41xxx.o(.text)
    WWDG_IRQHandler                          0x080001b7   Thumb Code     0  startup_stm32f40_41xxx.o(.text)
    __aeabi_memcpy                           0x080001c1   Thumb Code    36  memcpya.o(.text)
    __aeabi_memcpy4                          0x080001c1   Thumb Code     0  memcpya.o(.text)
    __aeabi_memcpy8                          0x080001c1   Thumb Code     0  memcpya.o(.text)
    __aeabi_memset                           0x080001e5   Thumb Code    14  memseta.o(.text)
    __aeabi_memset4                          0x080001e5   Thumb Code     0  memseta.o(.text)
    __aeabi_memset8                          0x080001e5   Thumb Code     0  memseta.o(.text)
    __aeabi_memclr                           0x080001f3   Thumb Code     4  memseta.o(.text)
    __aeabi_memclr4                          0x080001f3   Thumb Code     0  memseta.o(.text)
    __aeabi_memclr8                          0x080001f3   Thumb Code     0  memseta.o(.text)
    _memset$wrapper                          0x080001f7   Thumb Code    18  memseta.o(.text)
    __aeabi_ddiv                             0x08000209   Thumb Code   222  ddiv.o(.text)
    __aeabi_i2d                              0x080002e7   Thumb Code    34  dflti.o(.text)
    __aeabi_f2d                              0x08000309   Thumb Code    38  f2d.o(.text)
    __aeabi_d2f                              0x0800032f   Thumb Code    56  d2f.o(.text)
    __aeabi_llsr                             0x08000367   Thumb Code    32  llushr.o(.text)
    _ll_ushift_r                             0x08000367   Thumb Code     0  llushr.o(.text)
    __I$use$fp                               0x08000387   Thumb Code     0  iusefp.o(.text)
    _float_round                             0x08000387   Thumb Code    18  fepilogue.o(.text)
    _float_epilogue                          0x08000399   Thumb Code    92  fepilogue.o(.text)
    _double_round                            0x080003f5   Thumb Code    30  depilogue.o(.text)
    _double_epilogue                         0x08000413   Thumb Code   156  depilogue.o(.text)
    __scatterload                            0x080004b1   Thumb Code    28  init.o(.text)
    __scatterload_rt2                        0x080004b1   Thumb Code     0  init.o(.text)
    __aeabi_llsl                             0x080004d5   Thumb Code    30  llshl.o(.text)
    _ll_shift_l                              0x080004d5   Thumb Code     0  llshl.o(.text)
    __decompress                             0x080004f3   Thumb Code     0  __dclz77c.o(.text)
    __decompress2                            0x080004f3   Thumb Code    94  __dclz77c.o(.text)
    ADC_ClearFlag                            0x08000551   Thumb Code     6  stm32f4xx_adc.o(i.ADC_ClearFlag)
    ADC_Cmd                                  0x08000557   Thumb Code    22  stm32f4xx_adc.o(i.ADC_Cmd)
    ADC_CommonInit                           0x0800056d   Thumb Code    34  stm32f4xx_adc.o(i.ADC_CommonInit)
    ADC_Configure                            0x0800059d   Thumb Code   132  power_check.o(i.ADC_Configure)
    ADC_GetConversionValue                   0x08000629   Thumb Code     8  stm32f4xx_adc.o(i.ADC_GetConversionValue)
    ADC_GetFlagStatus                        0x08000631   Thumb Code    18  stm32f4xx_adc.o(i.ADC_GetFlagStatus)
    ADC_Init                                 0x08000645   Thumb Code    74  stm32f4xx_adc.o(i.ADC_Init)
    ADC_RegularChannelConfig                 0x08000699   Thumb Code   184  stm32f4xx_adc.o(i.ADC_RegularChannelConfig)
    ADC_SoftwareStartConv                    0x08000751   Thumb Code    10  stm32f4xx_adc.o(i.ADC_SoftwareStartConv)
    BH1750_Configure                         0x0800075d   Thumb Code    20  bh1750.o(i.BH1750_Configure)
    BH1750_PortInit                          0x08000775   Thumb Code    74  bh1750.o(i.BH1750_PortInit)
    BH1750_RecvACK                           0x080007c5   Thumb Code    42  bh1750.o(i.BH1750_RecvACK)
    BH1750_RecvByte                          0x080007f9   Thumb Code    74  bh1750.o(i.BH1750_RecvByte)
    BH1750_SendACK                           0x0800084d   Thumb Code    54  bh1750.o(i.BH1750_SendACK)
    BH1750_SendByte                          0x0800088d   Thumb Code    78  bh1750.o(i.BH1750_SendByte)
    BH1750_Start                             0x080008e5   Thumb Code    46  bh1750.o(i.BH1750_Start)
    BH1750_Stop                              0x0800091d   Thumb Code    40  bh1750.o(i.BH1750_Stop)
    BKRC_Voice_Init                          0x0800094d   Thumb Code     8  voicebroadcast.o(i.BKRC_Voice_Init)
    CAN_DeInit                               0x08000955   Thumb Code    50  stm32f4xx_can.o(i.CAN_DeInit)
    CAN_FilterInit                           0x0800098d   Thumb Code   258  stm32f4xx_can.o(i.CAN_FilterInit)
    CAN_ITConfig                             0x08000a95   Thumb Code    18  stm32f4xx_can.o(i.CAN_ITConfig)
    CAN_Init                                 0x08000aa7   Thumb Code   276  stm32f4xx_can.o(i.CAN_Init)
    CAN_MessagePending                       0x08000bbb   Thumb Code    30  stm32f4xx_can.o(i.CAN_MessagePending)
    CAN_Receive                              0x08000bd9   Thumb Code   240  stm32f4xx_can.o(i.CAN_Receive)
    CAN_Transmit                             0x08000cc9   Thumb Code   294  stm32f4xx_can.o(i.CAN_Transmit)
    CAN_TransmitStatus                       0x08000df1   Thumb Code   138  stm32f4xx_can.o(i.CAN_TransmitStatus)
    CanDrv_FiterUpdata                       0x08000e91   Thumb Code   616  can_drv.o(i.CanDrv_FiterUpdata)
    CanDrv_RxCheck                           0x08001165   Thumb Code    12  can_drv.o(i.CanDrv_RxCheck)
    CanDrv_RxGetMeesage                      0x08001175   Thumb Code    34  can_drv.o(i.CanDrv_RxGetMeesage)
    CanDrv_TxData                            0x0800119d   Thumb Code   106  can_drv.o(i.CanDrv_TxData)
    CanDrv_TxEmptyCheck                      0x08001211   Thumb Code    18  can_drv.o(i.CanDrv_TxEmptyCheck)
    CanP_CanRx_Check                         0x08001229   Thumb Code    18  canp_hostcom.o(i.CanP_CanRx_Check)
    CanP_CanRx_Irq                           0x0800123d   Thumb Code   146  canp_hostcom.o(i.CanP_CanRx_Irq)
    CanP_CanRx_TrackUp                       0x080012ed   Thumb Code    14  canp_hostcom.o(i.CanP_CanRx_TrackUp)
    CanP_CanTx_Check_fIrq                    0x08001301   Thumb Code   204  canp_hostcom.o(i.CanP_CanTx_Check_fIrq)
    CanP_Cmd_Check                           0x080013e5   Thumb Code    36  canp_hostcom.o(i.CanP_Cmd_Check)
    CanP_Cmd_Init                            0x0800140d   Thumb Code    26  canp_hostcom.o(i.CanP_Cmd_Init)
    CanP_Cmd_Send                            0x0800142d   Thumb Code    66  canp_hostcom.o(i.CanP_Cmd_Send)
    CanP_Cmd_Write                           0x08001475   Thumb Code    78  canp_hostcom.o(i.CanP_Cmd_Write)
    CanP_FifoInit                            0x080014c9   Thumb Code    54  canp_hostcom.o(i.CanP_FifoInit)
    CanP_FifoInitS                           0x08001529   Thumb Code    22  canp_hostcom.o(i.CanP_FifoInitS)
    CanP_Host_Main                           0x08001541   Thumb Code   232  canp_hostcom.o(i.CanP_Host_Main)
    CanP_Init                                0x0800164d   Thumb Code    30  canp_hostcom.o(i.CanP_Init)
    Can_WifiRx_Check                         0x08001679   Thumb Code  1420  can_user.o(i.Can_WifiRx_Check)
    Can_WifiRx_Save                          0x08001c21   Thumb Code    66  can_user.o(i.Can_WifiRx_Save)
    Can_ZigBeeRx_Check                       0x08001c75   Thumb Code   714  can_user.o(i.Can_ZigBeeRx_Check)
    Can_ZigBeeRx_Save                        0x08001f69   Thumb Code   108  can_user.o(i.Can_ZigBeeRx_Save)
    Can_check_Init                           0x08001fe5   Thumb Code   100  can_check.o(i.Can_check_Init)
    Canuser_main                             0x0800204d   Thumb Code    12  can_user.o(i.Canuser_main)
    Cba_Init                                 0x08002059   Thumb Code   112  cba.o(i.Cba_Init)
    ClearBitMask                             0x080020d1   Thumb Code    30  rc522.o(i.ClearBitMask)
    Control                                  0x080020ef   Thumb Code    92  roadway_check.o(i.Control)
    EXTI4_IRQHandler                         0x0800214d   Thumb Code    90  ultrasonic.o(i.EXTI4_IRQHandler)
    EXTI_ClearITPendingBit                   0x080021c1   Thumb Code     6  stm32f4xx_exti.o(i.EXTI_ClearITPendingBit)
    EXTI_GetITStatus                         0x080021cd   Thumb Code    20  stm32f4xx_exti.o(i.EXTI_GetITStatus)
    EXTI_Init                                0x080021e5   Thumb Code   142  stm32f4xx_exti.o(i.EXTI_Init)
    Electricity_Init                         0x08002279   Thumb Code    12  power_check.o(i.Electricity_Init)
    FifoDrv_BufRead                          0x08002285   Thumb Code    42  fifo_drv.o(i.FifoDrv_BufRead)
    FifoDrv_BufWrite                         0x080022af   Thumb Code    40  fifo_drv.o(i.FifoDrv_BufWrite)
    FifoDrv_CheckReadEn                      0x080022d7   Thumb Code    48  fifo_drv.o(i.FifoDrv_CheckReadEn)
    FifoDrv_CheckWriteEn                     0x08002307   Thumb Code    28  fifo_drv.o(i.FifoDrv_CheckWriteEn)
    FifoDrv_Init                             0x08002323   Thumb Code    36  fifo_drv.o(i.FifoDrv_Init)
    FifoDrv_ReadOne                          0x08002347   Thumb Code    48  fifo_drv.o(i.FifoDrv_ReadOne)
    FifoDrv_StructCheck                      0x08002377   Thumb Code    36  fifo_drv.o(i.FifoDrv_StructCheck)
    FifoDrv_WriteOne                         0x0800239b   Thumb Code    44  fifo_drv.o(i.FifoDrv_WriteOne)
    GPIO_Init                                0x080023c7   Thumb Code   144  stm32f4xx_gpio.o(i.GPIO_Init)
    GPIO_PinAFConfig                         0x08002457   Thumb Code    70  stm32f4xx_gpio.o(i.GPIO_PinAFConfig)
    GPIO_ReadInputDataBit                    0x0800249d   Thumb Code    18  stm32f4xx_gpio.o(i.GPIO_ReadInputDataBit)
    GPIO_ResetBits                           0x080024af   Thumb Code     4  stm32f4xx_gpio.o(i.GPIO_ResetBits)
    GPIO_SetBits                             0x080024b3   Thumb Code     4  stm32f4xx_gpio.o(i.GPIO_SetBits)
    Get_ADC_Value                            0x080024b9   Thumb Code    38  power_check.o(i.Get_ADC_Value)
    Get_Bh_Value                             0x080024e5   Thumb Code    82  bh1750.o(i.Get_Bh_Value)
    Get_Electricity                          0x08002545   Thumb Code    38  power_check.o(i.Get_Electricity)
    Get_Host_UpTrack                         0x0800256d   Thumb Code    48  canp_hostcom.o(i.Get_Host_UpTrack)
    Get_tba_phsis_value                      0x080025a1   Thumb Code    14  tba.o(i.Get_tba_phsis_value)
    Go_and_Back_Check                        0x080025b5   Thumb Code    92  roadway_check.o(i.Go_and_Back_Check)
    Hard_Can_Init                            0x08002625   Thumb Code   284  hard_can.o(i.Hard_Can_Init)
    Hard_Can_SpeedMode                       0x08002751   Thumb Code    30  hard_can.o(i.Hard_Can_SpeedMode)
    Hard_Can_While                           0x08002775   Thumb Code     8  hard_can.o(i.Hard_Can_While)
    Hard_Uart_MurtSel                        0x0800277d   Thumb Code    30  uart_a72.o(i.Hard_Uart_MurtSel)
    Hardware_Init                            0x080027a1   Thumb Code    86  main.o(i.Hardware_Init)
    Host_Receive_UpTrack                     0x080027f9   Thumb Code     8  canp_hostcom.o(i.Host_Receive_UpTrack)
    Infrared_Init                            0x08002805   Thumb Code    56  infrared.o(i.Infrared_Init)
    Infrared_Send                            0x08002845   Thumb Code   170  infrared.o(i.Infrared_Send)
    InitRc522                                0x080028f9   Thumb Code    48  rc522.o(i.InitRc522)
    KEY_Check                                0x0800292d   Thumb Code   244  main.o(i.KEY_Check)
    Light_Inf_Start                          0x08002a31   Thumb Code   104  intelligent_street_lamp.o(i.Light_Inf_Start)
    Light_match                              0x08002a99   Thumb Code   122  intelligent_street_lamp.o(i.Light_match)
    M500PcdConfigISOType                     0x08002b1d   Thumb Code    92  rc522.o(i.M500PcdConfigISOType)
    MLib_GetSub                              0x08002b79   Thumb Code    14  power_check.o(i.MLib_GetSub)
    Multiple_Read_BH1750                     0x08002b89   Thumb Code    56  bh1750.o(i.Multiple_Read_BH1750)
    NVIC_Init                                0x08002bc5   Thumb Code   106  misc.o(i.NVIC_Init)
    NVIC_PriorityGroupConfig                 0x08002c3d   Thumb Code    10  misc.o(i.NVIC_PriorityGroupConfig)
    Normal_data                              0x08002c51   Thumb Code    76  can_user.o(i.Normal_data)
    Parameter_Init                           0x08002ca5   Thumb Code    98  power_check.o(i.Parameter_Init)
    PcdAntennaOff                            0x08002d21   Thumb Code    12  rc522.o(i.PcdAntennaOff)
    PcdAntennaOn                             0x08002d2d   Thumb Code    26  rc522.o(i.PcdAntennaOn)
    PcdReset                                 0x08002d47   Thumb Code    72  rc522.o(i.PcdReset)
    Power_Check                              0x08002d91   Thumb Code   336  power_check.o(i.Power_Check)
    RC522_Uart_init                          0x08002efd   Thumb Code   134  rc522.o(i.RC522_Uart_init)
    RCC_AHB1PeriphClockCmd                   0x08002f91   Thumb Code    26  stm32f4xx_rcc.o(i.RCC_AHB1PeriphClockCmd)
    RCC_APB1PeriphClockCmd                   0x08002fb1   Thumb Code    26  stm32f4xx_rcc.o(i.RCC_APB1PeriphClockCmd)
    RCC_APB1PeriphResetCmd                   0x08002fd1   Thumb Code    26  stm32f4xx_rcc.o(i.RCC_APB1PeriphResetCmd)
    RCC_APB2PeriphClockCmd                   0x08002ff1   Thumb Code    26  stm32f4xx_rcc.o(i.RCC_APB2PeriphClockCmd)
    RCC_APB2PeriphResetCmd                   0x08003011   Thumb Code    26  stm32f4xx_rcc.o(i.RCC_APB2PeriphResetCmd)
    RCC_GetClocksFreq                        0x08003031   Thumb Code   214  stm32f4xx_rcc.o(i.RCC_GetClocksFreq)
    Rc522_GetLinkFlag                        0x08003119   Thumb Code     6  rc522.o(i.Rc522_GetLinkFlag)
    Rc522_LinkTest                           0x08003125   Thumb Code    10  rc522.o(i.Rc522_LinkTest)
    Rc522_OutSRst                            0x0800312f   Thumb Code    62  rc522.o(i.Rc522_OutSRst)
    ReadRawRC                                0x0800316d   Thumb Code    42  rc522.o(i.ReadRawRC)
    Readcard_daivce_Init                     0x08003197   Thumb Code    24  rc522.o(i.Readcard_daivce_Init)
    Rece_data                                0x080031b1   Thumb Code    62  rc522.o(i.Rece_data)
    Roadway_Check                            0x080031f9   Thumb Code    24  roadway_check.o(i.Roadway_Check)
    Roadway_Flag_clean                       0x08003211   Thumb Code    44  roadway_check.o(i.Roadway_Flag_clean)
    Roadway_mp_Get                           0x08003265   Thumb Code    62  roadway_check.o(i.Roadway_mp_Get)
    Roadway_mp_syn                           0x080032ad   Thumb Code    12  roadway_check.o(i.Roadway_mp_syn)
    Roadway_nav_syn                          0x080032c1   Thumb Code    10  roadway_check.o(i.Roadway_nav_syn)
    SDA_IN                                   0x080032d5   Thumb Code    28  bh1750.o(i.SDA_IN)
    SDA_OUT                                  0x080032f5   Thumb Code    34  bh1750.o(i.SDA_OUT)
    SYSCFG_EXTILineConfig                    0x0800331d   Thumb Code    60  stm32f4xx_syscfg.o(i.SYSCFG_EXTILineConfig)
    Send_Electric                            0x0800335d   Thumb Code    42  canp_hostcom.o(i.Send_Electric)
    Send_InfoData_To_Fifo                    0x08003389   Thumb Code    18  canp_hostcom.o(i.Send_InfoData_To_Fifo)
    Send_UpMotor                             0x080033a1   Thumb Code    84  canp_hostcom.o(i.Send_UpMotor)
    Send_WifiData_To_Fifo                    0x080033f5   Thumb Code    18  canp_hostcom.o(i.Send_WifiData_To_Fifo)
    Send_ZigbeeData_To_Fifo                  0x0800340d   Thumb Code    18  canp_hostcom.o(i.Send_ZigbeeData_To_Fifo)
    Send_data                                0x08003425   Thumb Code    46  rc522.o(i.Send_data)
    SetBitMask                               0x08003459   Thumb Code    30  rc522.o(i.SetBitMask)
    Single_Write_BH1750                      0x08003565   Thumb Code    26  bh1750.o(i.Single_Write_BH1750)
    Smoothing_Filtering                      0x08003581   Thumb Code    52  data_filtering.o(i.Smoothing_Filtering)
    Street_light_one                         0x080035b9   Thumb Code    18  intelligent_street_lamp.o(i.Street_light_one)
    Street_light_three                       0x080035d1   Thumb Code    18  intelligent_street_lamp.o(i.Street_light_three)
    Street_light_two                         0x080035e9   Thumb Code    18  intelligent_street_lamp.o(i.Street_light_two)
    SysTick_CLKSourceConfig                  0x08003601   Thumb Code    40  misc.o(i.SysTick_CLKSourceConfig)
    SystemInit                               0x08003629   Thumb Code    88  system_stm32f4xx.o(i.SystemInit)
    TFT_Picture_Down                         0x08003691   Thumb Code   142  tft.o(i.TFT_Picture_Down)
    TFT_Picture_Up                           0x08003725   Thumb Code   142  tft.o(i.TFT_Picture_Up)
    TIM1_BRK_TIM9_IRQHandler                 0x080037b9   Thumb Code   112  roadway_check.o(i.TIM1_BRK_TIM9_IRQHandler)
    TIM1_UP_TIM10_IRQHandler                 0x0800383d   Thumb Code    34  timer.o(i.TIM1_UP_TIM10_IRQHandler)
    TIM6_DAC_IRQHandler                      0x08003869   Thumb Code    34  ultrasonic.o(i.TIM6_DAC_IRQHandler)
    TIM7_IRQHandler                          0x08003895   Thumb Code    28  can_check.o(i.TIM7_IRQHandler)
    TIM_ClearFlag                            0x080038b5   Thumb Code     6  stm32f4xx_tim.o(i.TIM_ClearFlag)
    TIM_ClearITPendingBit                    0x080038bb   Thumb Code     6  stm32f4xx_tim.o(i.TIM_ClearITPendingBit)
    TIM_Cmd                                  0x080038c1   Thumb Code    24  stm32f4xx_tim.o(i.TIM_Cmd)
    TIM_GetITStatus                          0x080038d9   Thumb Code    34  stm32f4xx_tim.o(i.TIM_GetITStatus)
    TIM_ITConfig                             0x080038fb   Thumb Code    18  stm32f4xx_tim.o(i.TIM_ITConfig)
    TIM_TimeBaseInit                         0x0800390d   Thumb Code   104  stm32f4xx_tim.o(i.TIM_TimeBaseInit)
    Tba_Beep_Config                          0x08003991   Thumb Code    60  tba.o(i.Tba_Beep_Config)
    Tba_Init                                 0x080039d1   Thumb Code    16  tba.o(i.Tba_Init)
    Tba_Photoresistance_Config               0x080039e1   Thumb Code    38  tba.o(i.Tba_Photoresistance_Config)
    Tba_WheelLED_Config                      0x08003a0d   Thumb Code    60  tba.o(i.Tba_WheelLED_Config)
    Timer_Init                               0x08003a4d   Thumb Code   100  timer.o(i.Timer_Init)
    Track_AssistCorrect                      0x08003ab5   Thumb Code   444  roadway_check.o(i.Track_AssistCorrect)
    Track_Check                              0x08003c95   Thumb Code    48  roadway_check.o(i.Track_Check)
    Track_Correct                            0x08003ccd   Thumb Code   420  roadway_check.o(i.Track_Correct)
    U8ToU16                                  0x08003e91   Thumb Code    16  my_lib.o(i.U8ToU16)
    U8ToU16_Big                              0x08003ea1   Thumb Code    16  my_lib.o(i.U8ToU16_Big)
    UART4_IRQHandler                         0x08003eb1   Thumb Code    10  uart_a72.o(i.UART4_IRQHandler)
    USART1_IRQHandler                        0x08003ec1   Thumb Code    76  usart.o(i.USART1_IRQHandler)
    USART2_IRQHandler                        0x08003f1d   Thumb Code   104  uart_a72.o(i.USART2_IRQHandler)
    USART6_IRQHandler                        0x08004049   Thumb Code   168  voicebroadcast.o(i.USART6_IRQHandler)
    USART_ClearITPendingBit                  0x08004105   Thumb Code    30  stm32f4xx_usart.o(i.USART_ClearITPendingBit)
    USART_Cmd                                0x08004123   Thumb Code    24  stm32f4xx_usart.o(i.USART_Cmd)
    USART_GetFlagStatus                      0x0800413b   Thumb Code    26  stm32f4xx_usart.o(i.USART_GetFlagStatus)
    USART_GetITStatus                        0x08004155   Thumb Code    84  stm32f4xx_usart.o(i.USART_GetITStatus)
    USART_ITConfig                           0x080041a9   Thumb Code    74  stm32f4xx_usart.o(i.USART_ITConfig)
    USART_Init                               0x080041f5   Thumb Code   204  stm32f4xx_usart.o(i.USART_Init)
    USART_ReceiveData                        0x080042c9   Thumb Code    10  stm32f4xx_usart.o(i.USART_ReceiveData)
    USART_SendData                           0x080042d3   Thumb Code     8  stm32f4xx_usart.o(i.USART_SendData)
    UartA72_Init                             0x080042dd   Thumb Code    76  uart_a72.o(i.UartA72_Init)
    UartA72_TxAddStr                         0x08004339   Thumb Code    26  uart_a72.o(i.UartA72_TxAddStr)
    UartA72_TxClear                          0x0800435d   Thumb Code    16  uart_a72.o(i.UartA72_TxClear)
    UartA72_TxStart                          0x08004375   Thumb Code    10  uart_a72.o(i.UartA72_TxStart)
    UartTx_AddBuf                            0x08004385   Thumb Code    54  uart_drv.o(i.UartTx_AddBuf)
    UartTx_Clear                             0x080043c1   Thumb Code    52  uart_drv.o(i.UartTx_Clear)
    UartTx_Start                             0x080043f9   Thumb Code    44  uart_drv.o(i.UartTx_Start)
    Uart_A72_PortInit                        0x08004429   Thumb Code   286  uart_a72.o(i.Uart_A72_PortInit)
    Uart_Irq                                 0x0800455d   Thumb Code   230  uart_drv.o(i.Uart_Irq)
    Ultrasonic_EXTI                          0x08004655   Thumb Code    86  ultrasonic.o(i.Ultrasonic_EXTI)
    Ultrasonic_Init                          0x080046ab   Thumb Code    20  ultrasonic.o(i.Ultrasonic_Init)
    Ultrasonic_Port                          0x080046c1   Thumb Code    74  ultrasonic.o(i.Ultrasonic_Port)
    Ultrasonic_Ranging                       0x08004715   Thumb Code    72  ultrasonic.o(i.Ultrasonic_Ranging)
    Ultrasonic_TIM                           0x0800476d   Thumb Code    84  ultrasonic.o(i.Ultrasonic_TIM)
    WriteRawRC                               0x080047c5   Thumb Code    16  rc522.o(i.WriteRawRC)
    WriteRawRC_HDL                           0x080047d5   Thumb Code    68  rc522.o(i.WriteRawRC_HDL)
    __scatterload_copy                       0x08004819   Thumb Code    14  handlers.o(i.__scatterload_copy)
    __scatterload_null                       0x08004827   Thumb Code     2  handlers.o(i.__scatterload_null)
    __scatterload_zeroinit                   0x08004829   Thumb Code    14  handlers.o(i.__scatterload_zeroinit)
    daoza_open_ack                           0x08004839   Thumb Code   110  daoza.o(i.daoza_open_ack)
    daozha_close                             0x080048ad   Thumb Code    96  daoza.o(i.daozha_close)
    daozha_open                              0x08004911   Thumb Code   136  daoza.o(i.daozha_open)
    delay_init                               0x0800499d   Thumb Code    52  delay.o(i.delay_init)
    delay_ms                                 0x080049d9   Thumb Code    72  delay.o(i.delay_ms)
    delay_us                                 0x08004a25   Thumb Code    72  delay.o(i.delay_us)
    gt_get                                   0x08004a71   Thumb Code     6  timer.o(i.gt_get)
    gt_get_sub                               0x08004a7d   Thumb Code    20  timer.o(i.gt_get_sub)
    main                                     0x08004a95   Thumb Code   490  main.o(i.main)
    roadway_check_TimInit                    0x08004cb9   Thumb Code   100  roadway_check.o(i.roadway_check_TimInit)
    trackcheckdistacne                       0x08004d21   Thumb Code    50  roadway_check.o(i.trackcheckdistacne)
    turn_left                                0x08004d61   Thumb Code    50  roadway_check.o(i.turn_left)
    wheel_Track_check                        0x08004da1   Thumb Code   148  roadway_check.o(i.wheel_Track_check)
    zhuche_Ack                               0x08004e45   Thumb Code    40  agv.o(i.zhuche_Ack)
    bit_tab                                  0x08004e70   Data         128  my_lib.o(.constdata)
    bit_and_tab                              0x08004ef0   Data         128  my_lib.o(.constdata)
    bit4_lowhig                              0x08004f70   Data          16  my_lib.o(.constdata)
    Region$$Table$$Base                      0x08004f80   Number         0  anon$$obj.o(Region$$Table)
    Region$$Table$$Limit                     0x08004fa0   Number         0  anon$$obj.o(Region$$Table)
    testtime                                 0x2000014c   Data           4  main.o(.data)
    d                                        0x20000150   Data           4  main.o(.data)
    e                                        0x20000154   Data           4  main.o(.data)
    u                                        0x20000158   Data           4  main.o(.data)
    ucErrTime                                0x2000015c   Data           2  main.o(.data)
    main_cont                                0x2000015e   Data           2  main.o(.data)
    str                                      0x20000160   Data           5  main.o(.data)
    gzqd                                     0x20000166   Data           2  main.o(.data)
    a                                        0x20000168   Data           8  main.o(.data)
    o                                        0x20000170   Data           4  main.o(.data)
    Infrared                                 0x20000174   Data           6  main.o(.data)
    baojing                                  0x2000017a   Data           6  main.o(.data)
    Check_Agv_daoza                          0x20000180   Data           2  main.o(.data)
    daozha_ack_Count                         0x20000182   Data           1  main.o(.data)
    hh1                                      0x20000183   Data           8  main.o(.data)
    hh2                                      0x2000018b   Data           8  main.o(.data)
    hh3                                      0x20000193   Data           8  main.o(.data)
    infrare_com12                            0x2000019b   Data           6  main.o(.data)
    to                                       0x200001a4   Data           4  main.o(.data)
    qa                                       0x200001a8   Data           4  main.o(.data)
    q                                        0x200001ac   Data           4  main.o(.data)
    gradetime                                0x200001b0   Data           4  main.o(.data)
    daozatime                                0x200001b4   Data           4  main.o(.data)
    daozatuichu                              0x200001b8   Data           1  main.o(.data)
    ETCtime                                  0x200001bc   Data           4  main.o(.data)
    gradetuic                                0x200001c0   Data           1  main.o(.data)
    Ultrasonic_Value                         0x200001d4   Data           4  ultrasonic.o(.data)
    Ultrasonic_Num                           0x200001d8   Data           4  ultrasonic.o(.data)
    dis                                      0x200001dc   Data           2  ultrasonic.o(.data)
    RX_OK                                    0x200001de   Data           1  usart.o(.data)
    Length_num                               0x200001df   Data           1  usart.o(.data)
    RX_Data                                  0x200001e0   Data           2  usart.o(.data)
    BUF                                      0x200001e2   Data           4  bh1750.o(.data)
    Electric_Buf                             0x200001f6   Data           2  power_check.o(.data)
    Pa                                       0x200001f8   Data           4  power_check.o(.data)
    Pb                                       0x200001fc   Data           4  power_check.o(.data)
    pwr_ck_l                                 0x20000200   Data           1  power_check.o(.data)
    pwr_ck_r                                 0x20000201   Data           1  power_check.o(.data)
    temp                                     0x20000202   Data           2  power_check.o(.data)
    temp2                                    0x20000204   Data           2  power_check.o(.data)
    temp_value                               0x20000206   Data           1  power_check.o(.data)
    Uart_A72_TxEmpty                         0x20000207   Data           1  uart_a72.o(.data)
    FifuBuf_A72_SRx                          0x20000208   Data           2  uart_a72.o(.data)
    uart_prot_buf                            0x20000210   Data          24  uart_drv.o(.data)
    CT                                       0x20000237   Data           2  rc522.o(.data)
    SN                                       0x20000239   Data           4  rc522.o(.data)
    WRITE_RFID                               0x2000023d   Data          16  rc522.o(.data)
    KEY_A                                    0x2000024d   Data           6  rc522.o(.data)
    KEY_B                                    0x20000253   Data           6  rc522.o(.data)
    ADDR_Str                                 0x20000259   Data          14  rc522.o(.data)
    tempwendu                                0x20000294   Data           4  voicebroadcast.o(.data)
    voice_flag                               0x20000298   Data           1  voicebroadcast.o(.data)
    voice_flag_time                          0x2000029c   Data           4  voicebroadcast.o(.data)
    uart6_data                               0x200002a0   Data           1  voicebroadcast.o(.data)
    uart6_flag                               0x200002a1   Data           1  voicebroadcast.o(.data)
    UART6_RxData                             0x200002a2   Data           8  voicebroadcast.o(.data)
    voice_falg                               0x200002aa   Data           1  voicebroadcast.o(.data)
    YY_Init                                  0x200002ab   Data           5  voicebroadcast.o(.data)
    Zigbee                                   0x200002b0   Data           8  voicebroadcast.o(.data)
    start_voice_dis                          0x200002b8   Data           5  voicebroadcast.o(.data)
    bkrc_voice_Flag                          0x200002bd   Data           1  voicebroadcast.o(.data)
    adjustment_Check                         0x200003fa   Data           1  intelligent_street_lamp.o(.data)
    adjustment_Count                         0x200003fb   Data           1  intelligent_street_lamp.o(.data)
    gzqdvalue                                0x200003fc   Data           1  intelligent_street_lamp.o(.data)
    tmp_0                                    0x200003fe   Data           2  intelligent_street_lamp.o(.data)
    tmp_1                                    0x20000400   Data           2  intelligent_street_lamp.o(.data)
    returnvalue                              0x20000402   Data           1  intelligent_street_lamp.o(.data)
    mubiaovalue                              0x20000403   Data           1  intelligent_street_lamp.o(.data)
    global_times                             0x20000408   Data           4  timer.o(.data)
    delay_ms_const                           0x2000040c   Data           4  timer.o(.data)
    RFIDtime                                 0x2000042e   Data           2  roadway_check.o(.data)
    ReadSpecial_Count                        0x20000430   Data           4  roadway_check.o(.data)
    ReadWhite_Count                          0x20000434   Data           4  roadway_check.o(.data)
    Pass_Flag                                0x20000438   Data           1  roadway_check.o(.data)
    ok                                       0x20000439   Data           1  roadway_check.o(.data)
    Pass_two                                 0x2000043a   Data           1  roadway_check.o(.data)
    Pass_One                                 0x2000043b   Data           1  roadway_check.o(.data)
    Track_Back_Flag                          0x2000043c   Data           1  roadway_check.o(.data)
    Go_First                                 0x2000043d   Data           1  roadway_check.o(.data)
    Special_Star                             0x2000043e   Data           1  roadway_check.o(.data)
    Rt_Tmp                                   0x2000043f   Data           1  roadway_check.o(.data)
    wheel_L_Flag                             0x20000440   Data           1  roadway_check.o(.data)
    wheel_R_Flag                             0x20000441   Data           1  roadway_check.o(.data)
    wheel_Nav_Flag                           0x20000442   Data           1  roadway_check.o(.data)
    Go_Flag                                  0x20000443   Data           1  roadway_check.o(.data)
    Back_Flag                                0x20000444   Data           1  roadway_check.o(.data)
    Track_Forward_Flag                       0x20000445   Data           1  roadway_check.o(.data)
    Track_go                                 0x20000446   Data           1  roadway_check.o(.data)
    turnflag                                 0x20000447   Data           1  roadway_check.o(.data)
    Line_Flag                                0x20000448   Data           1  roadway_check.o(.data)
    Line_Stop                                0x20000449   Data           1  roadway_check.o(.data)
    Stop_Flag                                0x2000044a   Data           1  roadway_check.o(.data)
    LSpeed                                   0x2000044c   Data           4  roadway_check.o(.data)
    RSpeed                                   0x20000450   Data           4  roadway_check.o(.data)
    LCar_Spend                               0x20000454   Data           4  roadway_check.o(.data)
    RCar_Spend                               0x20000458   Data           4  roadway_check.o(.data)
    temp_MP                                  0x2000045c   Data           2  roadway_check.o(.data)
    temp_Nav                                 0x2000045e   Data           2  roadway_check.o(.data)
    stop_delay                               0x20000460   Data           1  roadway_check.o(.data)
    Wheel_flag                               0x20000464   Data           4  roadway_check.o(.data)
    Ok                                       0x20000468   Data           1  roadway_check.o(.data)
    stop_delayfalg                           0x20000469   Data           1  roadway_check.o(.data)
    RFID_Flag                                0x2000046a   Data           1  roadway_check.o(.data)
    Roadway_cmp                              0x2000046c   Data           2  roadway_check.o(.data)
    Roadway_Navig                            0x2000046e   Data           2  roadway_check.o(.data)
    Mp_Value                                 0x20000470   Data           4  roadway_check.o(.data)
    Can_Filter_Flag                          0x20000474   Data           1  can_drv.o(.data)
    Ccp_RxFlag                               0x20000475   Data           1  can_drv.o(.data)
    CanP_RxFMI_Flag                          0x20000488   Data           4  canp_hostcom.o(.data)
    ctbuf                                    0x2000048c   Data           8  canp_hostcom.o(.data)
    Track_buf                                0x20000494   Data           2  canp_hostcom.o(.data)
    CanHost_Mp                               0x20000496   Data           2  canp_hostcom.o(.data)
    CanHost_Navig                            0x20000498   Data           2  canp_hostcom.o(.data)
    Fileter_Tab                              0x2000049a   Data          28  canp_hostcom.o(.data)
    erweima                                  0x2000060a   Data           6  can_user.o(.data)
    i                                        0x20000610   Data           1  can_user.o(.data)
    Traffic_Flag                             0x20000611   Data           1  can_user.o(.data)
    Start_First                              0x20000612   Data           1  can_user.o(.data)
    Wifi_Rx_num                              0x20000613   Data           1  can_user.o(.data)
    Wifi_Rx_flag                             0x20000614   Data           1  can_user.o(.data)
    Zigbee_Rx_num                            0x20000615   Data           1  can_user.o(.data)
    Zigbee_Rx_flag                           0x20000616   Data           1  can_user.o(.data)
    uustop                                   0x20000617   Data           1  can_user.o(.data)
    traficred1                               0x20000618   Data           8  can_user.o(.data)
    Host_AGV_Return_Flag                     0x20000620   Data           1  can_user.o(.data)
    AGV_data_Falg                            0x20000621   Data           1  can_user.o(.data)
    canu_wifi_rxtime                         0x20000624   Data           4  can_user.o(.data)
    canu_zibe_rxtime                         0x20000628   Data           4  can_user.o(.data)
    Rx_Flag                                  0x2000062c   Data           1  can_user.o(.data)
    Infrared_Tab                             0x2000062d   Data           6  can_user.o(.data)
    FifoBuf_A72_Tx                           0x20000634   Data          50  uart_a72.o(.bss)
    uart_struct                              0x20000668   Data         220  uart_drv.o(.bss)
    Principal_Tab                            0x20000744   Data          50  data_base.o(.bss)
    Follower_Tab                             0x20000776   Data          50  data_base.o(.bss)
    filter_buf                               0x200007a8   Data          22  data_filtering.o(.bss)
    Fifo_Info                                0x20000810   Data          16  canp_hostcom.o(.bss)
    Fifo_WifiRx                              0x20000820   Data          16  canp_hostcom.o(.bss)
    Fifo_WifiTx                              0x20000830   Data          16  canp_hostcom.o(.bss)
    Fifo_ZigbRx                              0x20000840   Data          16  canp_hostcom.o(.bss)
    Fifo_ZigbTx                              0x20000850   Data          16  canp_hostcom.o(.bss)
    FifoBuf_Info                             0x20000860   Data          50  canp_hostcom.o(.bss)
    FifoBuf_WifiRx                           0x20000892   Data          50  canp_hostcom.o(.bss)
    FifoBuf_WifiTx                           0x200008c4   Data          50  canp_hostcom.o(.bss)
    FifoBuf_ZigbRx                           0x200008f6   Data          50  canp_hostcom.o(.bss)
    FifoBuf_ZigbTx                           0x20000928   Data          50  canp_hostcom.o(.bss)
    crm                                      0x2000095c   Data          20  canp_hostcom.o(.bss)
    crbuf                                    0x20000970   Data          32  canp_hostcom.o(.bss)
    CanP_Cmd_SBuf                            0x20000990   Data         140  canp_hostcom.o(.bss)
    TxMessage                                0x20000a1c   Data          20  hard_can.o(.bss)
    RxMessage                                0x20000a30   Data          20  hard_can.o(.bss)
    tp                                       0x20000a44   Data          21  can_user.o(.bss)
    Wifi_Rx_Buf                              0x20000a59   Data         200  can_user.o(.bss)
    Zigb_Rx_Buf                              0x20000b21   Data         200  can_user.o(.bss)
    __initial_sp                             0x20000ff0   Data           0  startup_stm32f40_41xxx.o(STACK)



==============================================================================

Memory Map of the image

  Image Entry point : 0x08000189

  Load Region LR_IROM1 (Base: 0x08000000, Size: 0x000055d4, Max: 0x00100000, ABSOLUTE, COMPRESSED[0x00005130])

    Execution Region ER_IROM1 (Exec base: 0x08000000, Load base: 0x08000000, Size: 0x00004fa0, Max: 0x00100000, ABSOLUTE)

    Exec Addr    Load Addr    Size         Type   Attr      Idx    E Section Name        Object

    0x08000000   0x08000000   0x00000188   Data   RO         6801    RESET               startup_stm32f40_41xxx.o
    0x08000188   0x08000188   0x00000000   Code   RO         7642  * .ARM.Collect$$$$00000000  mc_w.l(entry.o)
    0x08000188   0x08000188   0x00000004   Code   RO         7663    .ARM.Collect$$$$00000001  mc_w.l(entry2.o)
    0x0800018c   0x0800018c   0x00000004   Code   RO         7666    .ARM.Collect$$$$00000004  mc_w.l(entry5.o)
    0x08000190   0x08000190   0x00000000   Code   RO         7668    .ARM.Collect$$$$00000008  mc_w.l(entry7b.o)
    0x08000190   0x08000190   0x00000000   Code   RO         7670    .ARM.Collect$$$$0000000A  mc_w.l(entry8b.o)
    0x08000190   0x08000190   0x00000008   Code   RO         7671    .ARM.Collect$$$$0000000B  mc_w.l(entry9a.o)
    0x08000198   0x08000198   0x00000000   Code   RO         7673    .ARM.Collect$$$$0000000D  mc_w.l(entry10a.o)
    0x08000198   0x08000198   0x00000000   Code   RO         7675    .ARM.Collect$$$$0000000F  mc_w.l(entry11a.o)
    0x08000198   0x08000198   0x00000004   Code   RO         7664    .ARM.Collect$$$$00002712  mc_w.l(entry2.o)
    0x0800019c   0x0800019c   0x00000024   Code   RO         6802    .text               startup_stm32f40_41xxx.o
    0x080001c0   0x080001c0   0x00000024   Code   RO         7645    .text               mc_w.l(memcpya.o)
    0x080001e4   0x080001e4   0x00000024   Code   RO         7647    .text               mc_w.l(memseta.o)
    0x08000208   0x08000208   0x000000de   Code   RO         7653    .text               mf_w.l(ddiv.o)
    0x080002e6   0x080002e6   0x00000022   Code   RO         7655    .text               mf_w.l(dflti.o)
    0x08000308   0x08000308   0x00000026   Code   RO         7659    .text               mf_w.l(f2d.o)
    0x0800032e   0x0800032e   0x00000038   Code   RO         7661    .text               mf_w.l(d2f.o)
    0x08000366   0x08000366   0x00000020   Code   RO         7677    .text               mc_w.l(llushr.o)
    0x08000386   0x08000386   0x00000000   Code   RO         7679    .text               mc_w.l(iusefp.o)
    0x08000386   0x08000386   0x0000006e   Code   RO         7680    .text               mf_w.l(fepilogue.o)
    0x080003f4   0x080003f4   0x000000ba   Code   RO         7682    .text               mf_w.l(depilogue.o)
    0x080004ae   0x080004ae   0x00000002   PAD
    0x080004b0   0x080004b0   0x00000024   Code   RO         7684    .text               mc_w.l(init.o)
    0x080004d4   0x080004d4   0x0000001e   Code   RO         7686    .text               mc_w.l(llshl.o)
    0x080004f2   0x080004f2   0x0000005e   Code   RO         7696    .text               mc_w.l(__dclz77c.o)
    0x08000550   0x08000550   0x00000006   Code   RO         2012    i.ADC_ClearFlag     stm32f4xx_adc.o
    0x08000556   0x08000556   0x00000016   Code   RO         2014    i.ADC_Cmd           stm32f4xx_adc.o
    0x0800056c   0x0800056c   0x00000030   Code   RO         2015    i.ADC_CommonInit    stm32f4xx_adc.o
    0x0800059c   0x0800059c   0x0000008c   Code   RO          572    i.ADC_Configure     power_check.o
    0x08000628   0x08000628   0x00000008   Code   RO         2026    i.ADC_GetConversionValue  stm32f4xx_adc.o
    0x08000630   0x08000630   0x00000012   Code   RO         2027    i.ADC_GetFlagStatus  stm32f4xx_adc.o
    0x08000642   0x08000642   0x00000002   PAD
    0x08000644   0x08000644   0x00000054   Code   RO         2034    i.ADC_Init          stm32f4xx_adc.o
    0x08000698   0x08000698   0x000000b8   Code   RO         2039    i.ADC_RegularChannelConfig  stm32f4xx_adc.o
    0x08000750   0x08000750   0x0000000a   Code   RO         2041    i.ADC_SoftwareStartConv  stm32f4xx_adc.o
    0x0800075a   0x0800075a   0x00000002   PAD
    0x0800075c   0x0800075c   0x00000018   Code   RO          477    i.BH1750_Configure  bh1750.o
    0x08000774   0x08000774   0x00000050   Code   RO          478    i.BH1750_PortInit   bh1750.o
    0x080007c4   0x080007c4   0x00000034   Code   RO          479    i.BH1750_RecvACK    bh1750.o
    0x080007f8   0x080007f8   0x00000054   Code   RO          480    i.BH1750_RecvByte   bh1750.o
    0x0800084c   0x0800084c   0x00000040   Code   RO          481    i.BH1750_SendACK    bh1750.o
    0x0800088c   0x0800088c   0x00000058   Code   RO          482    i.BH1750_SendByte   bh1750.o
    0x080008e4   0x080008e4   0x00000038   Code   RO          483    i.BH1750_Start      bh1750.o
    0x0800091c   0x0800091c   0x00000030   Code   RO          484    i.BH1750_Stop       bh1750.o
    0x0800094c   0x0800094c   0x00000008   Code   RO         1710    i.BKRC_Voice_Init   voicebroadcast.o
    0x08000954   0x08000954   0x00000038   Code   RO         2254    i.CAN_DeInit        stm32f4xx_can.o
    0x0800098c   0x0800098c   0x00000108   Code   RO         2256    i.CAN_FilterInit    stm32f4xx_can.o
    0x08000a94   0x08000a94   0x00000012   Code   RO         2262    i.CAN_ITConfig      stm32f4xx_can.o
    0x08000aa6   0x08000aa6   0x00000114   Code   RO         2263    i.CAN_Init          stm32f4xx_can.o
    0x08000bba   0x08000bba   0x0000001e   Code   RO         2264    i.CAN_MessagePending  stm32f4xx_can.o
    0x08000bd8   0x08000bd8   0x000000f0   Code   RO         2266    i.CAN_Receive       stm32f4xx_can.o
    0x08000cc8   0x08000cc8   0x00000126   Code   RO         2271    i.CAN_Transmit      stm32f4xx_can.o
    0x08000dee   0x08000dee   0x00000002   PAD
    0x08000df0   0x08000df0   0x000000a0   Code   RO         2272    i.CAN_TransmitStatus  stm32f4xx_can.o
    0x08000e90   0x08000e90   0x0000026c   Code   RO         7133    i.CanDrv_FiterUpdata  can_drv.o
    0x080010fc   0x080010fc   0x00000034   Code   RO         7134    i.CanDrv_Fiter_Create16bit  can_drv.o
    0x08001130   0x08001130   0x00000032   Code   RO         7135    i.CanDrv_Fiter_Create32bit  can_drv.o
    0x08001162   0x08001162   0x00000002   PAD
    0x08001164   0x08001164   0x00000010   Code   RO         7136    i.CanDrv_RxCheck    can_drv.o
    0x08001174   0x08001174   0x00000028   Code   RO         7138    i.CanDrv_RxGetMeesage  can_drv.o
    0x0800119c   0x0800119c   0x00000074   Code   RO         7139    i.CanDrv_TxData     can_drv.o
    0x08001210   0x08001210   0x00000018   Code   RO         7141    i.CanDrv_TxEmptyCheck  can_drv.o
    0x08001228   0x08001228   0x00000012   Code   RO         7227    i.CanP_CanRx_Check  canp_hostcom.o
    0x0800123a   0x0800123a   0x00000002   PAD
    0x0800123c   0x0800123c   0x000000b0   Code   RO         7228    i.CanP_CanRx_Irq    canp_hostcom.o
    0x080012ec   0x080012ec   0x00000014   Code   RO         7229    i.CanP_CanRx_TrackUp  canp_hostcom.o
    0x08001300   0x08001300   0x000000e4   Code   RO         7231    i.CanP_CanTx_Check_fIrq  canp_hostcom.o
    0x080013e4   0x080013e4   0x00000028   Code   RO         7233    i.CanP_Cmd_Check    canp_hostcom.o
    0x0800140c   0x0800140c   0x00000020   Code   RO         7234    i.CanP_Cmd_Init     canp_hostcom.o
    0x0800142c   0x0800142c   0x00000048   Code   RO         7235    i.CanP_Cmd_Send     canp_hostcom.o
    0x08001474   0x08001474   0x00000054   Code   RO         7236    i.CanP_Cmd_Write    canp_hostcom.o
    0x080014c8   0x080014c8   0x00000060   Code   RO         7237    i.CanP_FifoInit     canp_hostcom.o
    0x08001528   0x08001528   0x00000016   Code   RO         7238    i.CanP_FifoInitS    canp_hostcom.o
    0x0800153e   0x0800153e   0x00000002   PAD
    0x08001540   0x08001540   0x0000010c   Code   RO         7239    i.CanP_Host_Main    canp_hostcom.o
    0x0800164c   0x0800164c   0x0000002c   Code   RO         7240    i.CanP_Init         canp_hostcom.o
    0x08001678   0x08001678   0x000005a8   Code   RO         7546    i.Can_WifiRx_Check  can_user.o
    0x08001c20   0x08001c20   0x00000054   Code   RO         7547    i.Can_WifiRx_Save   can_user.o
    0x08001c74   0x08001c74   0x000002f4   Code   RO         7548    i.Can_ZigBeeRx_Check  can_user.o
    0x08001f68   0x08001f68   0x0000007c   Code   RO         7549    i.Can_ZigBeeRx_Save  can_user.o
    0x08001fe4   0x08001fe4   0x00000068   Code   RO         7615    i.Can_check_Init    can_check.o
    0x0800204c   0x0800204c   0x0000000c   Code   RO         7550    i.Canuser_main      can_user.o
    0x08002058   0x08002058   0x00000078   Code   RO          395    i.Cba_Init          cba.o
    0x080020d0   0x080020d0   0x0000001e   Code   RO          837    i.ClearBitMask      rc522.o
    0x080020ee   0x080020ee   0x0000005c   Code   RO         6964    i.Control           roadway_check.o
    0x0800214a   0x0800214a   0x00000002   PAD
    0x0800214c   0x0800214c   0x00000074   Code   RO          333    i.EXTI4_IRQHandler  ultrasonic.o
    0x080021c0   0x080021c0   0x0000000c   Code   RO         3262    i.EXTI_ClearITPendingBit  stm32f4xx_exti.o
    0x080021cc   0x080021cc   0x00000018   Code   RO         3266    i.EXTI_GetITStatus  stm32f4xx_exti.o
    0x080021e4   0x080021e4   0x00000094   Code   RO         3267    i.EXTI_Init         stm32f4xx_exti.o
    0x08002278   0x08002278   0x0000000c   Code   RO          573    i.Electricity_Init  power_check.o
    0x08002284   0x08002284   0x0000002a   Code   RO         7432    i.FifoDrv_BufRead   fifo_drv.o
    0x080022ae   0x080022ae   0x00000028   Code   RO         7433    i.FifoDrv_BufWrite  fifo_drv.o
    0x080022d6   0x080022d6   0x00000030   Code   RO         7434    i.FifoDrv_CheckReadEn  fifo_drv.o
    0x08002306   0x08002306   0x0000001c   Code   RO         7435    i.FifoDrv_CheckWriteEn  fifo_drv.o
    0x08002322   0x08002322   0x00000024   Code   RO         7437    i.FifoDrv_Init      fifo_drv.o
    0x08002346   0x08002346   0x00000030   Code   RO         7438    i.FifoDrv_ReadOne   fifo_drv.o
    0x08002376   0x08002376   0x00000024   Code   RO         7439    i.FifoDrv_StructCheck  fifo_drv.o
    0x0800239a   0x0800239a   0x0000002c   Code   RO         7440    i.FifoDrv_WriteOne  fifo_drv.o
    0x080023c6   0x080023c6   0x00000090   Code   RO         3755    i.GPIO_Init         stm32f4xx_gpio.o
    0x08002456   0x08002456   0x00000046   Code   RO         3756    i.GPIO_PinAFConfig  stm32f4xx_gpio.o
    0x0800249c   0x0800249c   0x00000012   Code   RO         3759    i.GPIO_ReadInputDataBit  stm32f4xx_gpio.o
    0x080024ae   0x080024ae   0x00000004   Code   RO         3762    i.GPIO_ResetBits    stm32f4xx_gpio.o
    0x080024b2   0x080024b2   0x00000004   Code   RO         3763    i.GPIO_SetBits      stm32f4xx_gpio.o
    0x080024b6   0x080024b6   0x00000002   PAD
    0x080024b8   0x080024b8   0x0000002c   Code   RO          574    i.Get_ADC_Value     power_check.o
    0x080024e4   0x080024e4   0x00000060   Code   RO          485    i.Get_Bh_Value      bh1750.o
    0x08002544   0x08002544   0x00000026   Code   RO          575    i.Get_Electricity   power_check.o
    0x0800256a   0x0800256a   0x00000002   PAD
    0x0800256c   0x0800256c   0x00000034   Code   RO         7244    i.Get_Host_UpTrack  canp_hostcom.o
    0x080025a0   0x080025a0   0x00000014   Code   RO          289    i.Get_tba_phsis_value  tba.o
    0x080025b4   0x080025b4   0x00000070   Code   RO         6965    i.Go_and_Back_Check  roadway_check.o
    0x08002624   0x08002624   0x0000012c   Code   RO         7506    i.Hard_Can_Init     hard_can.o
    0x08002750   0x08002750   0x00000024   Code   RO         7507    i.Hard_Can_SpeedMode  hard_can.o
    0x08002774   0x08002774   0x00000008   Code   RO         7508    i.Hard_Can_While    hard_can.o
    0x0800277c   0x0800277c   0x00000024   Code   RO          641    i.Hard_Uart_MurtSel  uart_a72.o
    0x080027a0   0x080027a0   0x00000056   Code   RO            3    i.Hardware_Init     main.o
    0x080027f6   0x080027f6   0x00000002   PAD
    0x080027f8   0x080027f8   0x0000000c   Code   RO         7245    i.Host_Receive_UpTrack  canp_hostcom.o
    0x08002804   0x08002804   0x00000040   Code   RO          263    i.Infrared_Init     infrared.o
    0x08002844   0x08002844   0x000000b4   Code   RO          264    i.Infrared_Send     infrared.o
    0x080028f8   0x080028f8   0x00000034   Code   RO          838    i.InitRc522         rc522.o
    0x0800292c   0x0800292c   0x00000104   Code   RO            4    i.KEY_Check         main.o
    0x08002a30   0x08002a30   0x00000068   Code   RO         1824    i.Light_Inf_Start   intelligent_street_lamp.o
    0x08002a98   0x08002a98   0x00000084   Code   RO         1825    i.Light_match       intelligent_street_lamp.o
    0x08002b1c   0x08002b1c   0x0000005c   Code   RO          839    i.M500PcdConfigISOType  rc522.o
    0x08002b78   0x08002b78   0x0000000e   Code   RO          576    i.MLib_GetSub       power_check.o
    0x08002b86   0x08002b86   0x00000002   PAD
    0x08002b88   0x08002b88   0x0000003c   Code   RO          486    i.Multiple_Read_BH1750  bh1750.o
    0x08002bc4   0x08002bc4   0x00000078   Code   RO         1964    i.NVIC_Init         misc.o
    0x08002c3c   0x08002c3c   0x00000014   Code   RO         1965    i.NVIC_PriorityGroupConfig  misc.o
    0x08002c50   0x08002c50   0x00000054   Code   RO         7552    i.Normal_data       can_user.o
    0x08002ca4   0x08002ca4   0x0000007c   Code   RO          577    i.Parameter_Init    power_check.o
    0x08002d20   0x08002d20   0x0000000c   Code   RO          840    i.PcdAntennaOff     rc522.o
    0x08002d2c   0x08002d2c   0x0000001a   Code   RO          841    i.PcdAntennaOn      rc522.o
    0x08002d46   0x08002d46   0x00000048   Code   RO          848    i.PcdReset          rc522.o
    0x08002d8e   0x08002d8e   0x00000002   PAD
    0x08002d90   0x08002d90   0x0000016c   Code   RO          578    i.Power_Check       power_check.o
    0x08002efc   0x08002efc   0x00000094   Code   RO          852    i.RC522_Uart_init   rc522.o
    0x08002f90   0x08002f90   0x00000020   Code   RO         4641    i.RCC_AHB1PeriphClockCmd  stm32f4xx_rcc.o
    0x08002fb0   0x08002fb0   0x00000020   Code   RO         4650    i.RCC_APB1PeriphClockCmd  stm32f4xx_rcc.o
    0x08002fd0   0x08002fd0   0x00000020   Code   RO         4652    i.RCC_APB1PeriphResetCmd  stm32f4xx_rcc.o
    0x08002ff0   0x08002ff0   0x00000020   Code   RO         4653    i.RCC_APB2PeriphClockCmd  stm32f4xx_rcc.o
    0x08003010   0x08003010   0x00000020   Code   RO         4655    i.RCC_APB2PeriphResetCmd  stm32f4xx_rcc.o
    0x08003030   0x08003030   0x000000e8   Code   RO         4662    i.RCC_GetClocksFreq  stm32f4xx_rcc.o
    0x08003118   0x08003118   0x0000000c   Code   RO          854    i.Rc522_GetLinkFlag  rc522.o
    0x08003124   0x08003124   0x0000000a   Code   RO          855    i.Rc522_LinkTest    rc522.o
    0x0800312e   0x0800312e   0x0000003e   Code   RO          856    i.Rc522_OutSRst     rc522.o
    0x0800316c   0x0800316c   0x0000002a   Code   RO          857    i.ReadRawRC         rc522.o
    0x08003196   0x08003196   0x00000018   Code   RO          858    i.Readcard_daivce_Init  rc522.o
    0x080031ae   0x080031ae   0x00000002   PAD
    0x080031b0   0x080031b0   0x00000048   Code   RO          859    i.Rece_data         rc522.o
    0x080031f8   0x080031f8   0x00000018   Code   RO         6967    i.Roadway_Check     roadway_check.o
    0x08003210   0x08003210   0x00000054   Code   RO         6968    i.Roadway_Flag_clean  roadway_check.o
    0x08003264   0x08003264   0x00000048   Code   RO         6970    i.Roadway_mp_Get    roadway_check.o
    0x080032ac   0x080032ac   0x00000014   Code   RO         6971    i.Roadway_mp_syn    roadway_check.o
    0x080032c0   0x080032c0   0x00000014   Code   RO         6973    i.Roadway_nav_syn   roadway_check.o
    0x080032d4   0x080032d4   0x00000020   Code   RO          487    i.SDA_IN            bh1750.o
    0x080032f4   0x080032f4   0x00000028   Code   RO          488    i.SDA_OUT           bh1750.o
    0x0800331c   0x0800331c   0x00000040   Code   RO         5936    i.SYSCFG_EXTILineConfig  stm32f4xx_syscfg.o
    0x0800335c   0x0800335c   0x0000002a   Code   RO         7248    i.Send_Electric     canp_hostcom.o
    0x08003386   0x08003386   0x00000002   PAD
    0x08003388   0x08003388   0x00000018   Code   RO         7249    i.Send_InfoData_To_Fifo  canp_hostcom.o
    0x080033a0   0x080033a0   0x00000054   Code   RO         7251    i.Send_UpMotor      canp_hostcom.o
    0x080033f4   0x080033f4   0x00000018   Code   RO         7252    i.Send_WifiData_To_Fifo  canp_hostcom.o
    0x0800340c   0x0800340c   0x00000018   Code   RO         7253    i.Send_ZigbeeData_To_Fifo  canp_hostcom.o
    0x08003424   0x08003424   0x00000034   Code   RO          861    i.Send_data         rc522.o
    0x08003458   0x08003458   0x0000001e   Code   RO          862    i.SetBitMask        rc522.o
    0x08003476   0x08003476   0x00000002   PAD
    0x08003478   0x08003478   0x000000ec   Code   RO         6808    i.SetSysClock       system_stm32f4xx.o
    0x08003564   0x08003564   0x0000001a   Code   RO          489    i.Single_Write_BH1750  bh1750.o
    0x0800357e   0x0800357e   0x00000002   PAD
    0x08003580   0x08003580   0x00000038   Code   RO         7104    i.Smoothing_Filtering  data_filtering.o
    0x080035b8   0x080035b8   0x00000018   Code   RO         1826    i.Street_light_one  intelligent_street_lamp.o
    0x080035d0   0x080035d0   0x00000018   Code   RO         1827    i.Street_light_three  intelligent_street_lamp.o
    0x080035e8   0x080035e8   0x00000018   Code   RO         1828    i.Street_light_two  intelligent_street_lamp.o
    0x08003600   0x08003600   0x00000028   Code   RO         1968    i.SysTick_CLKSourceConfig  misc.o
    0x08003628   0x08003628   0x00000068   Code   RO         6810    i.SystemInit        system_stm32f4xx.o
    0x08003690   0x08003690   0x00000094   Code   RO         1448    i.TFT_Picture_Down  tft.o
    0x08003724   0x08003724   0x00000094   Code   RO         1450    i.TFT_Picture_Up    tft.o
    0x080037b8   0x080037b8   0x00000084   Code   RO         6975    i.TIM1_BRK_TIM9_IRQHandler  roadway_check.o
    0x0800383c   0x0800383c   0x0000002c   Code   RO         1920    i.TIM1_UP_TIM10_IRQHandler  timer.o
    0x08003868   0x08003868   0x0000002c   Code   RO          334    i.TIM6_DAC_IRQHandler  ultrasonic.o
    0x08003894   0x08003894   0x00000020   Code   RO         7616    i.TIM7_IRQHandler   can_check.o
    0x080038b4   0x080038b4   0x00000006   Code   RO         5999    i.TIM_ClearFlag     stm32f4xx_tim.o
    0x080038ba   0x080038ba   0x00000006   Code   RO         6000    i.TIM_ClearITPendingBit  stm32f4xx_tim.o
    0x080038c0   0x080038c0   0x00000018   Code   RO         6005    i.TIM_Cmd           stm32f4xx_tim.o
    0x080038d8   0x080038d8   0x00000022   Code   RO         6026    i.TIM_GetITStatus   stm32f4xx_tim.o
    0x080038fa   0x080038fa   0x00000012   Code   RO         6030    i.TIM_ITConfig      stm32f4xx_tim.o
    0x0800390c   0x0800390c   0x00000084   Code   RO         6077    i.TIM_TimeBaseInit  stm32f4xx_tim.o
    0x08003990   0x08003990   0x00000040   Code   RO          290    i.Tba_Beep_Config   tba.o
    0x080039d0   0x080039d0   0x00000010   Code   RO          291    i.Tba_Init          tba.o
    0x080039e0   0x080039e0   0x0000002c   Code   RO          292    i.Tba_Photoresistance_Config  tba.o
    0x08003a0c   0x08003a0c   0x00000040   Code   RO          293    i.Tba_WheelLED_Config  tba.o
    0x08003a4c   0x08003a4c   0x00000068   Code   RO         1921    i.Timer_Init        timer.o
    0x08003ab4   0x08003ab4   0x000001e0   Code   RO         6976    i.Track_AssistCorrect  roadway_check.o
    0x08003c94   0x08003c94   0x00000038   Code   RO         6977    i.Track_Check       roadway_check.o
    0x08003ccc   0x08003ccc   0x000001c4   Code   RO         6978    i.Track_Correct     roadway_check.o
    0x08003e90   0x08003e90   0x00000010   Code   RO         6855    i.U8ToU16           my_lib.o
    0x08003ea0   0x08003ea0   0x00000010   Code   RO         6856    i.U8ToU16_Big       my_lib.o
    0x08003eb0   0x08003eb0   0x00000010   Code   RO          642    i.UART4_IRQHandler  uart_a72.o
    0x08003ec0   0x08003ec0   0x0000005c   Code   RO          417    i.USART1_IRQHandler  usart.o
    0x08003f1c   0x08003f1c   0x0000007c   Code   RO          643    i.USART2_IRQHandler  uart_a72.o
    0x08003f98   0x08003f98   0x000000b0   Code   RO         1712    i.USART6_Hardware_Init  voicebroadcast.o
    0x08004048   0x08004048   0x000000bc   Code   RO         1713    i.USART6_IRQHandler  voicebroadcast.o
    0x08004104   0x08004104   0x0000001e   Code   RO         6552    i.USART_ClearITPendingBit  stm32f4xx_usart.o
    0x08004122   0x08004122   0x00000018   Code   RO         6555    i.USART_Cmd         stm32f4xx_usart.o
    0x0800413a   0x0800413a   0x0000001a   Code   RO         6558    i.USART_GetFlagStatus  stm32f4xx_usart.o
    0x08004154   0x08004154   0x00000054   Code   RO         6559    i.USART_GetITStatus  stm32f4xx_usart.o
    0x080041a8   0x080041a8   0x0000004a   Code   RO         6561    i.USART_ITConfig    stm32f4xx_usart.o
    0x080041f2   0x080041f2   0x00000002   PAD
    0x080041f4   0x080041f4   0x000000d4   Code   RO         6562    i.USART_Init        stm32f4xx_usart.o
    0x080042c8   0x080042c8   0x0000000a   Code   RO         6569    i.USART_ReceiveData  stm32f4xx_usart.o
    0x080042d2   0x080042d2   0x00000008   Code   RO         6572    i.USART_SendData    stm32f4xx_usart.o
    0x080042da   0x080042da   0x00000002   PAD
    0x080042dc   0x080042dc   0x0000005c   Code   RO          644    i.UartA72_Init      uart_a72.o
    0x08004338   0x08004338   0x00000024   Code   RO          646    i.UartA72_TxAddStr  uart_a72.o
    0x0800435c   0x0800435c   0x00000018   Code   RO          647    i.UartA72_TxClear   uart_a72.o
    0x08004374   0x08004374   0x00000010   Code   RO          648    i.UartA72_TxStart   uart_a72.o
    0x08004384   0x08004384   0x0000003c   Code   RO          736    i.UartTx_AddBuf     uart_drv.o
    0x080043c0   0x080043c0   0x00000038   Code   RO          739    i.UartTx_Clear      uart_drv.o
    0x080043f8   0x080043f8   0x00000030   Code   RO          741    i.UartTx_Start      uart_drv.o
    0x08004428   0x08004428   0x00000134   Code   RO          650    i.Uart_A72_PortInit  uart_a72.o
    0x0800455c   0x0800455c   0x000000f8   Code   RO          743    i.Uart_Irq          uart_drv.o
    0x08004654   0x08004654   0x00000056   Code   RO          335    i.Ultrasonic_EXTI   ultrasonic.o
    0x080046aa   0x080046aa   0x00000014   Code   RO          336    i.Ultrasonic_Init   ultrasonic.o
    0x080046be   0x080046be   0x00000002   PAD
    0x080046c0   0x080046c0   0x00000054   Code   RO          337    i.Ultrasonic_Port   ultrasonic.o
    0x08004714   0x08004714   0x00000058   Code   RO          338    i.Ultrasonic_Ranging  ultrasonic.o
    0x0800476c   0x0800476c   0x00000058   Code   RO          339    i.Ultrasonic_TIM    ultrasonic.o
    0x080047c4   0x080047c4   0x00000010   Code   RO          864    i.WriteRawRC        rc522.o
    0x080047d4   0x080047d4   0x00000044   Code   RO          865    i.WriteRawRC_HDL    rc522.o
    0x08004818   0x08004818   0x0000000e   Code   RO         7690    i.__scatterload_copy  mc_w.l(handlers.o)
    0x08004826   0x08004826   0x00000002   Code   RO         7691    i.__scatterload_null  mc_w.l(handlers.o)
    0x08004828   0x08004828   0x0000000e   Code   RO         7692    i.__scatterload_zeroinit  mc_w.l(handlers.o)
    0x08004836   0x08004836   0x00000002   PAD
    0x08004838   0x08004838   0x00000074   Code   RO         1275    i.daoza_open_ack    daoza.o
    0x080048ac   0x080048ac   0x00000064   Code   RO         1277    i.daozha_close      daoza.o
    0x08004910   0x08004910   0x0000008c   Code   RO         1278    i.daozha_open       daoza.o
    0x0800499c   0x0800499c   0x0000003c   Code   RO         1886    i.delay_init        delay.o
    0x080049d8   0x080049d8   0x0000004c   Code   RO         1887    i.delay_ms          delay.o
    0x08004a24   0x08004a24   0x0000004c   Code   RO         1888    i.delay_us          delay.o
    0x08004a70   0x08004a70   0x0000000c   Code   RO         1922    i.gt_get            timer.o
    0x08004a7c   0x08004a7c   0x00000018   Code   RO         1923    i.gt_get_sub        timer.o
    0x08004a94   0x08004a94   0x00000224   Code   RO            5    i.main              main.o
    0x08004cb8   0x08004cb8   0x00000068   Code   RO         6979    i.roadway_check_TimInit  roadway_check.o
    0x08004d20   0x08004d20   0x00000040   Code   RO         6980    i.trackcheckdistacne  roadway_check.o
    0x08004d60   0x08004d60   0x00000040   Code   RO         6981    i.turn_left         roadway_check.o
    0x08004da0   0x08004da0   0x000000a4   Code   RO         6982    i.wheel_Track_check  roadway_check.o
    0x08004e44   0x08004e44   0x0000002c   Code   RO         1196    i.zhuche_Ack        agv.o
    0x08004e70   0x08004e70   0x00000110   Data   RO         6858    .constdata          my_lib.o
    0x08004f80   0x08004f80   0x00000020   Data   RO         7688    Region$$Table       anon$$obj.o


    Execution Region RW_IRAM2 (Exec base: 0x10000000, Load base: 0x08005130, Size: 0x00000000, Max: 0x00010000, ABSOLUTE)

    **** No section assigned to this execution region ****


    Execution Region RW_IRAM1 (Exec base: 0x20000000, Load base: 0x08004fa0, Size: 0x00000ff0, Max: 0x00020000, ABSOLUTE, COMPRESSED[0x00000190])

    Exec Addr    Load Addr    Size         Type   Attr      Idx    E Section Name        Object

    0x20000000   COMPRESSED   0x000001d4   Data   RW            7    .data               main.o
    0x200001d4   COMPRESSED   0x0000000a   Data   RW          340    .data               ultrasonic.o
    0x200001de   COMPRESSED   0x00000004   Data   RW          422    .data               usart.o
    0x200001e2   COMPRESSED   0x00000004   Data   RW          490    .data               bh1750.o
    0x200001e6   COMPRESSED   0x00000002   PAD
    0x200001e8   COMPRESSED   0x0000001f   Data   RW          579    .data               power_check.o
    0x20000207   COMPRESSED   0x00000003   Data   RW          652    .data               uart_a72.o
    0x2000020a   COMPRESSED   0x00000002   PAD
    0x2000020c   COMPRESSED   0x0000001c   Data   RW          746    .data               uart_drv.o
    0x20000228   COMPRESSED   0x0000003f   Data   RW          867    .data               rc522.o
    0x20000267   COMPRESSED   0x0000000e   Data   RW         1280    .data               daoza.o
    0x20000275   COMPRESSED   0x0000000e   Data   RW         1455    .data               tft.o
    0x20000283   COMPRESSED   0x00000001   PAD
    0x20000284   COMPRESSED   0x0000003a   Data   RW         1722    .data               voicebroadcast.o
    0x200002be   COMPRESSED   0x00000146   Data   RW         1830    .data               intelligent_street_lamp.o
    0x20000404   COMPRESSED   0x00000004   Data   RW         1889    .data               delay.o
    0x20000408   COMPRESSED   0x00000008   Data   RW         1924    .data               timer.o
    0x20000410   COMPRESSED   0x00000010   Data   RW         4694    .data               stm32f4xx_rcc.o
    0x20000420   COMPRESSED   0x00000054   Data   RW         6983    .data               roadway_check.o
    0x20000474   COMPRESSED   0x00000002   Data   RW         7146    .data               can_drv.o
    0x20000476   COMPRESSED   0x00000002   PAD
    0x20000478   COMPRESSED   0x00000047   Data   RW         7258    .data               canp_hostcom.o
    0x200004bf   COMPRESSED   0x00000001   PAD
    0x200004c0   COMPRESSED   0x00000174   Data   RW         7554    .data               can_user.o
    0x20000634        -       0x00000032   Zero   RW          651    .bss                uart_a72.o
    0x20000666   COMPRESSED   0x00000002   PAD
    0x20000668        -       0x000000dc   Zero   RW          745    .bss                uart_drv.o
    0x20000744        -       0x00000064   Zero   RW         6943    .bss                data_base.o
    0x200007a8        -       0x00000040   Zero   RW         7105    .bss                data_filtering.o
    0x200007e8        -       0x00000028   Zero   RW         7145    .bss                can_drv.o
    0x20000810        -       0x0000020c   Zero   RW         7257    .bss                canp_hostcom.o
    0x20000a1c        -       0x00000028   Zero   RW         7509    .bss                hard_can.o
    0x20000a44        -       0x000001a5   Zero   RW         7553    .bss                can_user.o
    0x20000be9   COMPRESSED   0x00000007   PAD
    0x20000bf0        -       0x00000400   Zero   RW         6799    STACK               startup_stm32f40_41xxx.o


==============================================================================

Image component sizes


      Code (inc. data)   RO Data    RW Data    ZI Data      Debug   Object Name

        44          4          0          0          0        489   agv.o
       750         96          0          4          0       7997   bh1750.o
       136          8          0          0          0       1187   can_check.o
       918         30          0          2         40       7163   can_drv.o
      2508        242          0        372        421       7743   can_user.o
      1362        208          0         71        524      15569   canp_hostcom.o
       120          8          0          0          0        571   cba.o
       356         14          0         14          0       1810   daoza.o
         0          0          0          0        100       2353   data_base.o
        56          4          0          0         64       1877   data_filtering.o
       212         16          0          4          0       1819   delay.o
       322          0          0          0          0       5436   fifo_drv.o
       344         22          0          0         40       2116   hard_can.o
       244         18          0          0          0       1672   infrared.o
         0          0          0          0          0        631   infrared_marker.o
       308         28          0        326          0       4569   intelligent_street_lamp.o
       894         74          0        468          0     322274   main.o
       180         24          0          0          0       2017   misc.o
        32          0        272          0          0       2478   my_lib.o
         0          0          0          0          0        631   mytest.o
       736         68          0         31          0       5890   power_check.o
       820         40          0         63          0      11559   rc522.o
      1940        232          0         84          0      10452   roadway_check.o
        36          8        392          0       1024        824   startup_stm32f40_41xxx.o
       380         24          0          0          0       5966   stm32f4xx_adc.o
      1338         34          0          0          0       6239   stm32f4xx_can.o
       184         16          0          0          0       2024   stm32f4xx_exti.o
       240          0          0          0          0       3423   stm32f4xx_gpio.o
       392         48          0         16          0       5725   stm32f4xx_rcc.o
        64          4          0          0          0        640   stm32f4xx_syscfg.o
       220         28          0          0          0       4114   stm32f4xx_tim.o
       468          8          0          0          0       5987   stm32f4xx_usart.o
       340         32          0          0          0       1493   system_stm32f4xx.o
       208         20          0          0          0       2682   tba.o
       296         12          0         14          0       1444   tft.o
       184         24          0          8          0       2716   timer.o
       652         94          0          3         50       5455   uart_a72.o
       412         32          0         28        220       4037   uart_drv.o
       526         66          0         10          0       4323   ultrasonic.o
        92         16          0          4          0       1179   usart.o
       372         28          0         58          0       3206   voicebroadcast.o

    ----------------------------------------------------------------------
     18724       1630        696       1588       2492     479780   Object Totals
         0          0         32          0          0          0   (incl. Generated)
        38          0          0          8          9          0   (incl. Padding)

    ----------------------------------------------------------------------

      Code (inc. data)   RO Data    RW Data    ZI Data      Debug   Library Member Name

        94          0          0          0          0          0   __dclz77c.o
         0          0          0          0          0          0   entry.o
         0          0          0          0          0          0   entry10a.o
         0          0          0          0          0          0   entry11a.o
         8          4          0          0          0          0   entry2.o
         4          0          0          0          0          0   entry5.o
         0          0          0          0          0          0   entry7b.o
         0          0          0          0          0          0   entry8b.o
         8          4          0          0          0          0   entry9a.o
        30          0          0          0          0          0   handlers.o
        36          8          0          0          0         68   init.o
         0          0          0          0          0          0   iusefp.o
        30          0          0          0          0         68   llshl.o
        32          0          0          0          0         68   llushr.o
        36          0          0          0          0         68   memcpya.o
        36          0          0          0          0        108   memseta.o
        56          0          0          0          0         88   d2f.o
       222          0          0          0          0        100   ddiv.o
       186          0          0          0          0        176   depilogue.o
        34          0          0          0          0         76   dflti.o
        38          0          0          0          0         68   f2d.o
       110          0          0          0          0        168   fepilogue.o

    ----------------------------------------------------------------------
       964         16          0          0          0       1056   Library Totals
         4          0          0          0          0          0   (incl. Padding)

    ----------------------------------------------------------------------

      Code (inc. data)   RO Data    RW Data    ZI Data      Debug   Library Name

       314         16          0          0          0        380   mc_w.l
       646          0          0          0          0        676   mf_w.l

    ----------------------------------------------------------------------
       964         16          0          0          0       1056   Library Totals

    ----------------------------------------------------------------------

==============================================================================


      Code (inc. data)   RO Data    RW Data    ZI Data      Debug   

     19688       1646        696       1588       2492     461004   Grand Totals
     19688       1646        696        400       2492     461004   ELF Image Totals (compressed)
     19688       1646        696        400          0          0   ROM Totals

==============================================================================

    Total RO  Size (Code + RO Data)                20384 (  19.91kB)
    Total RW  Size (RW Data + ZI Data)              4080 (   3.98kB)
    Total ROM Size (Code + RO Data + RW Data)      20784 (  20.30kB)

==============================================================================

